------------------------------------------------------------
TimeQuest Timing Analyzer Summary
------------------------------------------------------------

Type  : Slow 1200mV 85C Model Setup 'u0|altpll|sd1|pll7|clk[0]'
Slack : 0.715
TNS   : 0.000

Type  : Slow 1200mV 85C Model Setup 'u0|altpll|sd1|pll7|clk[3]'
Slack : 1.561
TNS   : 0.000

Type  : Slow 1200mV 85C Model Setup 'clk'
Slack : 16.463
TNS   : 0.000

Type  : Slow 1200mV 85C Model Setup 'u0|altpll|sd1|pll7|clk[1]'
Slack : 28.889
TNS   : 0.000

Type  : Slow 1200mV 85C Model Setup 'altera_reserved_tck'
Slack : 45.836
TNS   : 0.000

Type  : Slow 1200mV 85C Model Hold 'u0|altpll|sd1|pll7|clk[1]'
Slack : 0.324
TNS   : 0.000

Type  : Slow 1200mV 85C Model Hold 'u0|altpll|sd1|pll7|clk[0]'
Slack : 0.330
TNS   : 0.000

Type  : Slow 1200mV 85C Model Hold 'u0|altpll|sd1|pll7|clk[3]'
Slack : 0.335
TNS   : 0.000

Type  : Slow 1200mV 85C Model Hold 'clk'
Slack : 0.405
TNS   : 0.000

Type  : Slow 1200mV 85C Model Hold 'altera_reserved_tck'
Slack : 0.406
TNS   : 0.000

Type  : Slow 1200mV 85C Model Recovery 'u0|altpll|sd1|pll7|clk[0]'
Slack : 4.155
TNS   : 0.000

Type  : Slow 1200mV 85C Model Recovery 'u0|altpll|sd1|pll7|clk[3]'
Slack : 6.905
TNS   : 0.000

Type  : Slow 1200mV 85C Model Recovery 'clk'
Slack : 17.374
TNS   : 0.000

Type  : Slow 1200mV 85C Model Recovery 'u0|altpll|sd1|pll7|clk[1]'
Slack : 34.902
TNS   : 0.000

Type  : Slow 1200mV 85C Model Recovery 'altera_reserved_tck'
Slack : 47.548
TNS   : 0.000

Type  : Slow 1200mV 85C Model Removal 'clk'
Slack : 0.816
TNS   : 0.000

Type  : Slow 1200mV 85C Model Removal 'altera_reserved_tck'
Slack : 1.061
TNS   : 0.000

Type  : Slow 1200mV 85C Model Removal 'u0|altpll|sd1|pll7|clk[3]'
Slack : 1.402
TNS   : 0.000

Type  : Slow 1200mV 85C Model Removal 'u0|altpll|sd1|pll7|clk[0]'
Slack : 3.425
TNS   : 0.000

Type  : Slow 1200mV 85C Model Removal 'u0|altpll|sd1|pll7|clk[1]'
Slack : 3.572
TNS   : 0.000

Type  : Slow 1200mV 85C Model Minimum Pulse Width 'u0|altpll|sd1|pll7|clk[0]'
Slack : 4.621
TNS   : 0.000

Type  : Slow 1200mV 85C Model Minimum Pulse Width 'u0|altpll|sd1|pll7|clk[3]'
Slack : 5.863
TNS   : 0.000

Type  : Slow 1200mV 85C Model Minimum Pulse Width 'clk'
Slack : 9.680
TNS   : 0.000

Type  : Slow 1200mV 85C Model Minimum Pulse Width 'u0|altpll|sd1|pll7|clk[1]'
Slack : 19.695
TNS   : 0.000

Type  : Slow 1200mV 85C Model Minimum Pulse Width 'altera_reserved_tck'
Slack : 49.546
TNS   : 0.000

Type  : Slow 1200mV 0C Model Setup 'u0|altpll|sd1|pll7|clk[0]'
Slack : 1.502
TNS   : 0.000

Type  : Slow 1200mV 0C Model Setup 'u0|altpll|sd1|pll7|clk[3]'
Slack : 2.519
TNS   : 0.000

Type  : Slow 1200mV 0C Model Setup 'clk'
Slack : 16.745
TNS   : 0.000

Type  : Slow 1200mV 0C Model Setup 'u0|altpll|sd1|pll7|clk[1]'
Slack : 29.785
TNS   : 0.000

Type  : Slow 1200mV 0C Model Setup 'altera_reserved_tck'
Slack : 46.314
TNS   : 0.000

Type  : Slow 1200mV 0C Model Hold 'u0|altpll|sd1|pll7|clk[3]'
Slack : 0.327
TNS   : 0.000

Type  : Slow 1200mV 0C Model Hold 'u0|altpll|sd1|pll7|clk[0]'
Slack : 0.329
TNS   : 0.000

Type  : Slow 1200mV 0C Model Hold 'u0|altpll|sd1|pll7|clk[1]'
Slack : 0.331
TNS   : 0.000

Type  : Slow 1200mV 0C Model Hold 'altera_reserved_tck'
Slack : 0.355
TNS   : 0.000

Type  : Slow 1200mV 0C Model Hold 'clk'
Slack : 0.356
TNS   : 0.000

Type  : Slow 1200mV 0C Model Recovery 'u0|altpll|sd1|pll7|clk[0]'
Slack : 4.724
TNS   : 0.000

Type  : Slow 1200mV 0C Model Recovery 'u0|altpll|sd1|pll7|clk[3]'
Slack : 7.472
TNS   : 0.000

Type  : Slow 1200mV 0C Model Recovery 'clk'
Slack : 17.569
TNS   : 0.000

Type  : Slow 1200mV 0C Model Recovery 'u0|altpll|sd1|pll7|clk[1]'
Slack : 35.381
TNS   : 0.000

Type  : Slow 1200mV 0C Model Recovery 'altera_reserved_tck'
Slack : 47.886
TNS   : 0.000

Type  : Slow 1200mV 0C Model Removal 'clk'
Slack : 0.751
TNS   : 0.000

Type  : Slow 1200mV 0C Model Removal 'altera_reserved_tck'
Slack : 0.968
TNS   : 0.000

Type  : Slow 1200mV 0C Model Removal 'u0|altpll|sd1|pll7|clk[3]'
Slack : 1.263
TNS   : 0.000

Type  : Slow 1200mV 0C Model Removal 'u0|altpll|sd1|pll7|clk[0]'
Slack : 3.033
TNS   : 0.000

Type  : Slow 1200mV 0C Model Removal 'u0|altpll|sd1|pll7|clk[1]'
Slack : 3.170
TNS   : 0.000

Type  : Slow 1200mV 0C Model Minimum Pulse Width 'u0|altpll|sd1|pll7|clk[0]'
Slack : 4.650
TNS   : 0.000

Type  : Slow 1200mV 0C Model Minimum Pulse Width 'u0|altpll|sd1|pll7|clk[3]'
Slack : 5.898
TNS   : 0.000

Type  : Slow 1200mV 0C Model Minimum Pulse Width 'clk'
Slack : 9.690
TNS   : 0.000

Type  : Slow 1200mV 0C Model Minimum Pulse Width 'u0|altpll|sd1|pll7|clk[1]'
Slack : 19.688
TNS   : 0.000

Type  : Slow 1200mV 0C Model Minimum Pulse Width 'altera_reserved_tck'
Slack : 49.476
TNS   : 0.000

Type  : Fast 1200mV 0C Model Setup 'u0|altpll|sd1|pll7|clk[0]'
Slack : 5.241
TNS   : 0.000

Type  : Fast 1200mV 0C Model Setup 'u0|altpll|sd1|pll7|clk[3]'
Slack : 6.827
TNS   : 0.000

Type  : Fast 1200mV 0C Model Setup 'clk'
Slack : 18.287
TNS   : 0.000

Type  : Fast 1200mV 0C Model Setup 'u0|altpll|sd1|pll7|clk[1]'
Slack : 34.552
TNS   : 0.000

Type  : Fast 1200mV 0C Model Setup 'altera_reserved_tck'
Slack : 48.304
TNS   : 0.000

Type  : Fast 1200mV 0C Model Hold 'u0|altpll|sd1|pll7|clk[1]'
Slack : 0.124
TNS   : 0.000

Type  : Fast 1200mV 0C Model Hold 'u0|altpll|sd1|pll7|clk[3]'
Slack : 0.128
TNS   : 0.000

Type  : Fast 1200mV 0C Model Hold 'u0|altpll|sd1|pll7|clk[0]'
Slack : 0.132
TNS   : 0.000

Type  : Fast 1200mV 0C Model Hold 'altera_reserved_tck'
Slack : 0.181
TNS   : 0.000

Type  : Fast 1200mV 0C Model Hold 'clk'
Slack : 0.184
TNS   : 0.000

Type  : Fast 1200mV 0C Model Recovery 'u0|altpll|sd1|pll7|clk[0]'
Slack : 6.833
TNS   : 0.000

Type  : Fast 1200mV 0C Model Recovery 'u0|altpll|sd1|pll7|clk[3]'
Slack : 9.470
TNS   : 0.000

Type  : Fast 1200mV 0C Model Recovery 'clk'
Slack : 18.592
TNS   : 0.000

Type  : Fast 1200mV 0C Model Recovery 'u0|altpll|sd1|pll7|clk[1]'
Slack : 37.256
TNS   : 0.000

Type  : Fast 1200mV 0C Model Recovery 'altera_reserved_tck'
Slack : 49.056
TNS   : 0.000

Type  : Fast 1200mV 0C Model Removal 'clk'
Slack : 0.377
TNS   : 0.000

Type  : Fast 1200mV 0C Model Removal 'altera_reserved_tck'
Slack : 0.507
TNS   : 0.000

Type  : Fast 1200mV 0C Model Removal 'u0|altpll|sd1|pll7|clk[3]'
Slack : 0.669
TNS   : 0.000

Type  : Fast 1200mV 0C Model Removal 'u0|altpll|sd1|pll7|clk[0]'
Slack : 1.751
TNS   : 0.000

Type  : Fast 1200mV 0C Model Removal 'u0|altpll|sd1|pll7|clk[1]'
Slack : 1.839
TNS   : 0.000

Type  : Fast 1200mV 0C Model Minimum Pulse Width 'u0|altpll|sd1|pll7|clk[0]'
Slack : 4.750
TNS   : 0.000

Type  : Fast 1200mV 0C Model Minimum Pulse Width 'u0|altpll|sd1|pll7|clk[3]'
Slack : 6.000
TNS   : 0.000

Type  : Fast 1200mV 0C Model Minimum Pulse Width 'clk'
Slack : 9.241
TNS   : 0.000

Type  : Fast 1200mV 0C Model Minimum Pulse Width 'u0|altpll|sd1|pll7|clk[1]'
Slack : 19.749
TNS   : 0.000

Type  : Fast 1200mV 0C Model Minimum Pulse Width 'altera_reserved_tck'
Slack : 49.304
TNS   : 0.000

------------------------------------------------------------
