Archive member included to satisfy reference by file (symbol)

/opt/altera/16.0/nios2eds/bin/gnu/H-x86_64-pc-linux-gnu/bin/../lib/gcc/nios2-elf/5.2.0/libgcc.a(_muldi3.o)
                              obj/default/fix16.o (__muldi3)
/opt/altera/16.0/nios2eds/bin/gnu/H-x86_64-pc-linux-gnu/bin/../lib/gcc/nios2-elf/5.2.0/libgcc.a(_clzsi2.o)
                              obj/default/fix16.o (__clzsi2)
/opt/altera/16.0/nios2eds/bin/gnu/H-x86_64-pc-linux-gnu/bin/../lib/gcc/nios2-elf/5.2.0/libgcc.a(_clz.o)
                              /opt/altera/16.0/nios2eds/bin/gnu/H-x86_64-pc-linux-gnu/bin/../lib/gcc/nios2-elf/5.2.0/libgcc.a(_clzsi2.o) (__clz_tab)
/opt/altera/16.0/nios2eds/bin/gnu/H-x86_64-pc-linux-gnu/bin/../lib/gcc/nios2-elf/5.2.0/../../../../../H-x86_64-pc-linux-gnu/nios2-elf/lib/libsmallc.a(lib_a-ctype_.o)
                              obj/default/fix16_str.o (__ctype_ptr__)
/opt/altera/16.0/nios2eds/bin/gnu/H-x86_64-pc-linux-gnu/bin/../lib/gcc/nios2-elf/5.2.0/../../../../../H-x86_64-pc-linux-gnu/nios2-elf/lib/libsmallc.a(lib_a-malloc.o)
                              obj/default/main.o (malloc)
/opt/altera/16.0/nios2eds/bin/gnu/H-x86_64-pc-linux-gnu/bin/../lib/gcc/nios2-elf/5.2.0/../../../../../H-x86_64-pc-linux-gnu/nios2-elf/lib/libsmallc.a(lib_a-nano-freer.o)
                              /opt/altera/16.0/nios2eds/bin/gnu/H-x86_64-pc-linux-gnu/bin/../lib/gcc/nios2-elf/5.2.0/../../../../../H-x86_64-pc-linux-gnu/nios2-elf/lib/libsmallc.a(lib_a-malloc.o) (_free_r)
/opt/altera/16.0/nios2eds/bin/gnu/H-x86_64-pc-linux-gnu/bin/../lib/gcc/nios2-elf/5.2.0/../../../../../H-x86_64-pc-linux-gnu/nios2-elf/lib/libsmallc.a(lib_a-nano-mallocr.o)
                              /opt/altera/16.0/nios2eds/bin/gnu/H-x86_64-pc-linux-gnu/bin/../lib/gcc/nios2-elf/5.2.0/../../../../../H-x86_64-pc-linux-gnu/nios2-elf/lib/libsmallc.a(lib_a-malloc.o) (_malloc_r)
/opt/altera/16.0/nios2eds/bin/gnu/H-x86_64-pc-linux-gnu/bin/../lib/gcc/nios2-elf/5.2.0/../../../../../H-x86_64-pc-linux-gnu/nios2-elf/lib/libsmallc.a(lib_a-printf.o)
                              obj/default/main.o (printf)
/opt/altera/16.0/nios2eds/bin/gnu/H-x86_64-pc-linux-gnu/bin/../lib/gcc/nios2-elf/5.2.0/../../../../../H-x86_64-pc-linux-gnu/nios2-elf/lib/libsmallc.a(lib_a-rand.o)
                              obj/default/sw_renderer.o (srand)
/opt/altera/16.0/nios2eds/bin/gnu/H-x86_64-pc-linux-gnu/bin/../lib/gcc/nios2-elf/5.2.0/../../../../../H-x86_64-pc-linux-gnu/nios2-elf/lib/libsmallc.a(lib_a-sbrkr.o)
                              /opt/altera/16.0/nios2eds/bin/gnu/H-x86_64-pc-linux-gnu/bin/../lib/gcc/nios2-elf/5.2.0/../../../../../H-x86_64-pc-linux-gnu/nios2-elf/lib/libsmallc.a(lib_a-nano-mallocr.o) (_sbrk_r)
/opt/altera/16.0/nios2eds/bin/gnu/H-x86_64-pc-linux-gnu/bin/../lib/gcc/nios2-elf/5.2.0/../../../../../H-x86_64-pc-linux-gnu/nios2-elf/lib/libsmallc.a(lib_a-vfprintf.o)
                              /opt/altera/16.0/nios2eds/bin/gnu/H-x86_64-pc-linux-gnu/bin/../lib/gcc/nios2-elf/5.2.0/../../../../../H-x86_64-pc-linux-gnu/nios2-elf/lib/libsmallc.a(lib_a-printf.o) (___vfprintf_internal_r)
/opt/altera/16.0/nios2eds/bin/gnu/H-x86_64-pc-linux-gnu/bin/../lib/gcc/nios2-elf/5.2.0/../../../../../H-x86_64-pc-linux-gnu/nios2-elf/lib/libsmallc.a(lib_a-fvwrite_small_dev.o)
                              /opt/altera/16.0/nios2eds/bin/gnu/H-x86_64-pc-linux-gnu/bin/../lib/gcc/nios2-elf/5.2.0/../../../../../H-x86_64-pc-linux-gnu/nios2-elf/lib/libsmallc.a(lib_a-printf.o) (__sfvwrite_small_dev)
/opt/altera/16.0/nios2eds/bin/gnu/H-x86_64-pc-linux-gnu/bin/../lib/gcc/nios2-elf/5.2.0/../../../../../H-x86_64-pc-linux-gnu/nios2-elf/lib/libsmallc.a(lib_a-impure.o)
                              /opt/altera/16.0/nios2eds/bin/gnu/H-x86_64-pc-linux-gnu/bin/../lib/gcc/nios2-elf/5.2.0/../../../../../H-x86_64-pc-linux-gnu/nios2-elf/lib/libsmallc.a(lib_a-malloc.o) (_impure_ptr)
/opt/altera/16.0/nios2eds/bin/gnu/H-x86_64-pc-linux-gnu/bin/../lib/gcc/nios2-elf/5.2.0/../../../../../H-x86_64-pc-linux-gnu/nios2-elf/lib/libsmallc.a(lib_a-int_errno.o)
                              /opt/altera/16.0/nios2eds/bin/gnu/H-x86_64-pc-linux-gnu/bin/../lib/gcc/nios2-elf/5.2.0/../../../../../H-x86_64-pc-linux-gnu/nios2-elf/lib/libsmallc.a(lib_a-sbrkr.o) (errno)
/opt/altera/16.0/nios2eds/bin/gnu/H-x86_64-pc-linux-gnu/bin/../lib/gcc/nios2-elf/5.2.0/../../../../../H-x86_64-pc-linux-gnu/nios2-elf/lib/libsmallc.a(lib_a-strlen.o)
                              /opt/altera/16.0/nios2eds/bin/gnu/H-x86_64-pc-linux-gnu/bin/../lib/gcc/nios2-elf/5.2.0/../../../../../H-x86_64-pc-linux-gnu/nios2-elf/lib/libsmallc.a(lib_a-vfprintf.o) (strlen)
/opt/altera/16.0/nios2eds/bin/gnu/H-x86_64-pc-linux-gnu/bin/../lib/gcc/nios2-elf/5.2.0/../../../../../H-x86_64-pc-linux-gnu/nios2-elf/lib/libsmallc.a(lib_a-writer.o)
                              /opt/altera/16.0/nios2eds/bin/gnu/H-x86_64-pc-linux-gnu/bin/../lib/gcc/nios2-elf/5.2.0/../../../../../H-x86_64-pc-linux-gnu/nios2-elf/lib/libsmallc.a(lib_a-fvwrite_small_dev.o) (_write_r)
[...]
Memory Configuration

Name             Origin             Length             Attributes
reset            0x0000000007000000 0x0000000000000020
onchip_ram       0x0000000007000020 0x00000000000257e0
sdram            0x0000000008000000 0x0000000008000000
*default*        0x0000000000000000 0xffffffffffffffff

Linker script and memory map

LOAD ../bsp/obj/HAL/src/crt0.o
LOAD obj/default/display.o
LOAD obj/default/fix16.o
LOAD obj/default/fix16_exp.o
LOAD obj/default/fix16_sqrt.o
LOAD obj/default/fix16_str.o
LOAD obj/default/fix16_trig.o
LOAD obj/default/fract32.o
LOAD obj/default/uint32.o
LOAD obj/default/main.o
LOAD obj/default/sw_renderer.o
LOAD obj/default/testdata.o
LOAD /opt/altera/16.0/nios2eds/bin/gnu/H-x86_64-pc-linux-gnu/bin/../lib/gcc/nios2-elf/5.2.0/../../../../../H-x86_64-pc-linux-gnu/nios2-elf/lib/libstdc++.a
LOAD /opt/altera/16.0/nios2eds/bin/gnu/H-x86_64-pc-linux-gnu/bin/../lib/gcc/nios2-elf/5.2.0/../../../../../H-x86_64-pc-linux-gnu/nios2-elf/lib/libm.a
LOAD /opt/altera/16.0/nios2eds/bin/gnu/H-x86_64-pc-linux-gnu/bin/../lib/gcc/nios2-elf/5.2.0/libgcc.a
START GROUP
LOAD /opt/altera/16.0/nios2eds/bin/gnu/H-x86_64-pc-linux-gnu/bin/../lib/gcc/nios2-elf/5.2.0/../../../../../H-x86_64-pc-linux-gnu/nios2-elf/lib/libsmallc.a
LOAD /opt/altera/16.0/nios2eds/bin/gnu/H-x86_64-pc-linux-gnu/bin/../lib/gcc/nios2-elf/5.2.0/libgcc.a
LOAD ../bsp/libhal_bsp.a
LOAD /opt/altera/16.0/nios2eds/bin/gnu/H-x86_64-pc-linux-gnu/bin/../lib/gcc/nios2-elf/5.2.0/../../../../../H-x86_64-pc-linux-gnu/nios2-elf/lib/libm.a
END GROUP
LOAD /opt/altera/16.0/nios2eds/bin/gnu/H-x86_64-pc-linux-gnu/bin/../lib/gcc/nios2-elf/5.2.0/libgcc.a
                0x0000000007000000                __alt_mem_onchip_ram = 0x7000000
                0x0000000008000000                __alt_mem_sdram = 0x8000000

.entry          0x0000000007000000       0x20
 *(.entry)
 .entry         0x0000000007000000       0x20 ../bsp/obj/HAL/src/crt0.o
                0x0000000007000000                __reset

.exceptions     0x0000000007000020        0x0
                0x0000000007000020                PROVIDE (__ram_exceptions_start, ABSOLUTE (.))
                0x0000000007000020                . = ALIGN (0x20)
 *(.irq)
 *(.exceptions.entry.label)
 *(.exceptions.entry.user)
 *(.exceptions.entry.ecc_fatal)
 *(.exceptions.entry)
 *(.exceptions.irqtest.user)
 *(.exceptions.irqtest)
 *(.exceptions.irqhandler.user)
 *(.exceptions.irqhandler)
 *(.exceptions.irqreturn.user)
 *(.exceptions.irqreturn)
 *(.exceptions.notirq.label)
 *(.exceptions.notirq.user)
 *(.exceptions.notirq)
 *(.exceptions.soft.user)
 *(.exceptions.soft)
 *(.exceptions.unknown.user)
 *(.exceptions.unknown)
 *(.exceptions.exit.label)
 *(.exceptions.exit.user)
 *(.exceptions.exit)
 *(.exceptions)
                0x0000000007000020                PROVIDE (__ram_exceptions_end, ABSOLUTE (.))
                0x0000000007000020                PROVIDE (__flash_exceptions_start, LOADADDR (.exceptions))

.text           0x0000000007000020     0x3a68
                [!provide]                        PROVIDE (stext, ABSOLUTE (.))
 *(.interp)
 *(.hash)
 *(.dynsym)
 *(.dynstr)
 *(.gnu.version)
 *(.gnu.version_d)
 *(.gnu.version_r)
 *(.rel.init)
 *(.rela.init)
 *(.rel.text .rel.text.* .rel.gnu.linkonce.t.*)
 *(.rela.text .rela.text.* .rela.gnu.linkonce.t.*)
 *(.rel.fini)
 *(.rela.fini)
 *(.rel.rodata .rel.rodata.* .rel.gnu.linkonce.r.*)
 *(.rela.rodata .rela.rodata.* .rela.gnu.linkonce.r.*)
 *(.rel.data .rel.data.* .rel.gnu.linkonce.d.*)
 *(.rela.data .rela.data.* .rela.gnu.linkonce.d.*)
 *(.rel.tdata .rel.tdata.* .rel.gnu.linkonce.td.*)
 *(.rela.tdata .rela.tdata.* .rela.gnu.linkonce.td.*)
 *(.rel.tbss .rel.tbss.* .rel.gnu.linkonce.tb.*)
 *(.rela.tbss .rela.tbss.* .rela.gnu.linkonce.tb.*)
 *(.rel.ctors)
 *(.rela.ctors)
 *(.rel.dtors)
 *(.rela.dtors)
 *(.rel.got)
 *(.rela.got)
 *(.rel.sdata .rel.sdata.* .rel.gnu.linkonce.s.*)
 *(.rela.sdata .rela.sdata.* .rela.gnu.linkonce.s.*)
 *(.rel.sbss .rel.sbss.* .rel.gnu.linkonce.sb.*)
 *(.rela.sbss .rela.sbss.* .rela.gnu.linkonce.sb.*)
 *(.rel.sdata2 .rel.sdata2.* .rel.gnu.linkonce.s2.*)
 *(.rela.sdata2 .rela.sdata2.* .rela.gnu.linkonce.s2.*)
 *(.rel.sbss2 .rel.sbss2.* .rel.gnu.linkonce.sb2.*)
 *(.rela.sbss2 .rela.sbss2.* .rela.gnu.linkonce.sb2.*)
 *(.rel.bss .rel.bss.* .rel.gnu.linkonce.b.*)
 *(.rela.bss .rela.bss.* .rela.gnu.linkonce.b.*)
 *(.rel.plt)
 *(.rela.plt)
 *(.rel.dyn)
 *(.init)
 *(.plt)
 *(.text .stub .text.* .gnu.linkonce.t.*)
 .text          0x0000000007000020       0x4c ../bsp/obj/HAL/src/crt0.o
                0x0000000007000020                _start
 .text          0x000000000700006c       0xfc obj/default/display.o
                0x000000000700006c                displayInit
                0x00000000070000f4                selectFramebuffer
                0x0000000007000114                showFramebuffer
                0x0000000007000124                displaySetPixel
                0x0000000007000144                displayClear
 .text          0x0000000007000168      0x38c obj/default/fix16.o
                0x0000000007000168                fix16_add
                0x0000000007000188                fix16_sub
                0x00000000070001a8                fix16_sadd
                0x00000000070001d8                fix16_ssub
                0x0000000007000208                fix16_mul
                0x0000000007000210                fix16_smul
                0x0000000007000234                fix16_div
                0x00000000070003a0                fix16_sdiv
                0x00000000070003ec                fix16_mod
                0x00000000070003fc                fix16_lerp8
                0x0000000007000438                fix16_lerp16
                0x0000000007000474                fix16_lerp32
 .text          0x00000000070004f4      0x39c obj/default/fix16_exp.o
                0x00000000070005b0                fix16_exp
                0x000000000700073c                fix16_log
                0x0000000007000838                fix16_log2
                0x000000000700088c                fix16_slog2
 .text          0x0000000007000890       0xcc obj/default/fix16_sqrt.o
                0x0000000007000890                fix16_sqrt
 .text          0x000000000700095c      0x340 obj/default/fix16_str.o
                0x000000000700095c                fix16_to_str
                0x0000000007000a88                fix16_from_str
 .text          0x0000000007000c9c      0x494 obj/default/fix16_trig.o
                0x0000000007000c9c                fix16_sin_parabola
                0x0000000007000d2c                fix16_sin
                0x0000000007000e88                fix16_cos
                0x0000000007000e98                fix16_tan
                0x0000000007000ee0                fix16_atan2
                0x00000000070010cc                fix16_asin
                0x00000000070010e8                fix16_acos
                0x0000000007001128                fix16_atan
 .text          0x0000000007001130       0xa8 obj/default/fract32.o
                0x0000000007001130                fract32_create
                0x000000000700115c                fract32_invert
                0x0000000007001164                fract32_usmul
                0x000000000700118c                fract32_smul
 .text          0x00000000070011d8       0x64 obj/default/uint32.o
                0x00000000070011d8                uint32_log2
 .text          0x000000000700123c        0x0 obj/default/main.o
 .text.startup  0x000000000700123c       0xb8 obj/default/main.o
                0x000000000700123c                main
 .text          0x00000000070012f4      0xb58 obj/default/sw_renderer.o
                0x00000000070012f4                rtInit
                0x00000000070013e4                rtSetCamera
                0x00000000070017c0                rtRenderFrame
 .text          0x0000000007001e4c       0xa0 obj/default/testdata.o
                0x0000000007001e4c                testGetNextCamera
 .text          0x0000000007001eec       0x60 /opt/altera/16.0/nios2eds/bin/gnu/H-x86_64-pc-linux-gnu/bin/../lib/gcc/nios2-elf/5.2.0/libgcc.a(_muldi3.o)
                0x0000000007001eec                __muldi3
 .text          0x0000000007001f4c       0x64 /opt/altera/16.0/nios2eds/bin/gnu/H-x86_64-pc-linux-gnu/bin/../lib/gcc/nios2-elf/5.2.0/libgcc.a(_clzsi2.o)
                0x0000000007001f4c                __clzsi2
 .text          0x0000000007001fb0        0x0 /opt/altera/16.0/nios2eds/bin/gnu/H-x86_64-pc-linux-gnu/bin/../lib/gcc/nios2-elf/5.2.0/libgcc.a(_clz.o)
 .text          0x0000000007001fb0        0x0 /opt/altera/16.0/nios2eds/bin/gnu/H-x86_64-pc-linux-gnu/bin/../lib/gcc/nios2-elf/5.2.0/../../../../../H-x86_64-pc-linux-gnu/nios2-elf/lib/libsmallc.a(lib_a-ctype_.o)
 .text          0x0000000007001fb0        0x0 /opt/altera/16.0/nios2eds/bin/gnu/H-x86_64-pc-linux-gnu/bin/../lib/gcc/nios2-elf/5.2.0/../../../../../H-x86_64-pc-linux-gnu/nios2-elf/lib/libsmallc.a(lib_a-malloc.o)
 .text.malloc   0x0000000007001fb0       0x14 /opt/altera/16.0/nios2eds/bin/gnu/H-x86_64-pc-linux-gnu/bin/../lib/gcc/nios2-elf/5.2.0/../../../../../H-x86_64-pc-linux-gnu/nios2-elf/lib/libsmallc.a(lib_a-malloc.o)
                0x0000000007001fb0                malloc
 .text.free     0x0000000007001fc4       0x14 /opt/altera/16.0/nios2eds/bin/gnu/H-x86_64-pc-linux-gnu/bin/../lib/gcc/nios2-elf/5.2.0/../../../../../H-x86_64-pc-linux-gnu/nios2-elf/lib/libsmallc.a(lib_a-malloc.o)
                0x0000000007001fc4                free
 .text          0x0000000007001fd8        0x0 /opt/altera/16.0/nios2eds/bin/gnu/H-x86_64-pc-linux-gnu/bin/../lib/gcc/nios2-elf/5.2.0/../../../../../H-x86_64-pc-linux-gnu/nios2-elf/lib/libsmallc.a(lib_a-nano-freer.o)
 .text._free_r  0x0000000007001fd8       0xe4 /opt/altera/16.0/nios2eds/bin/gnu/H-x86_64-pc-linux-gnu/bin/../lib/gcc/nios2-elf/5.2.0/../../../../../H-x86_64-pc-linux-gnu/nios2-elf/lib/libsmallc.a(lib_a-nano-freer.o)
                0x0000000007001fd8                _free_r
 .text          0x00000000070020bc        0x0 /opt/altera/16.0/nios2eds/bin/gnu/H-x86_64-pc-linux-gnu/bin/../lib/gcc/nios2-elf/5.2.0/../../../../../H-x86_64-pc-linux-gnu/nios2-elf/lib/libsmallc.a(lib_a-nano-mallocr.o)
 .text._malloc_r
                0x00000000070020bc      0x158 /opt/altera/16.0/nios2eds/bin/gnu/H-x86_64-pc-linux-gnu/bin/../lib/gcc/nios2-elf/5.2.0/../../../../../H-x86_64-pc-linux-gnu/nios2-elf/lib/libsmallc.a(lib_a-nano-mallocr.o)
                0x00000000070020bc                _malloc_r
 .text          0x0000000007002214        0x0 /opt/altera/16.0/nios2eds/bin/gnu/H-x86_64-pc-linux-gnu/bin/../lib/gcc/nios2-elf/5.2.0/../../../../../H-x86_64-pc-linux-gnu/nios2-elf/lib/libsmallc.a(lib_a-printf.o)
 .text._printf_r
                0x0000000007002214       0x3c /opt/altera/16.0/nios2eds/bin/gnu/H-x86_64-pc-linux-gnu/bin/../lib/gcc/nios2-elf/5.2.0/../../../../../H-x86_64-pc-linux-gnu/nios2-elf/lib/libsmallc.a(lib_a-printf.o)
                0x0000000007002214                _printf_r
 .text.printf   0x0000000007002250       0x4c /opt/altera/16.0/nios2eds/bin/gnu/H-x86_64-pc-linux-gnu/bin/../lib/gcc/nios2-elf/5.2.0/../../../../../H-x86_64-pc-linux-gnu/nios2-elf/lib/libsmallc.a(lib_a-printf.o)
                0x0000000007002250                printf
 .text          0x000000000700229c        0x0 /opt/altera/16.0/nios2eds/bin/gnu/H-x86_64-pc-linux-gnu/bin/../lib/gcc/nios2-elf/5.2.0/../../../../../H-x86_64-pc-linux-gnu/nios2-elf/lib/libsmallc.a(lib_a-rand.o)
 .text.srand    0x000000000700229c       0x14 /opt/altera/16.0/nios2eds/bin/gnu/H-x86_64-pc-linux-gnu/bin/../lib/gcc/nios2-elf/5.2.0/../../../../../H-x86_64-pc-linux-gnu/nios2-elf/lib/libsmallc.a(lib_a-rand.o)
                0x000000000700229c                srand
 .text.rand     0x00000000070022b0       0x60 /opt/altera/16.0/nios2eds/bin/gnu/H-x86_64-pc-linux-gnu/bin/../lib/gcc/nios2-elf/5.2.0/../../../../../H-x86_64-pc-linux-gnu/nios2-elf/lib/libsmallc.a(lib_a-rand.o)
                0x00000000070022b0                rand
 .text          0x0000000007002310        0x0 /opt/altera/16.0/nios2eds/bin/gnu/H-x86_64-pc-linux-gnu/bin/../lib/gcc/nios2-elf/5.2.0/../../../../../H-x86_64-pc-linux-gnu/nios2-elf/lib/libsmallc.a(lib_a-sbrkr.o)
 .text._sbrk_r  0x0000000007002310       0x50 /opt/altera/16.0/nios2eds/bin/gnu/H-x86_64-pc-linux-gnu/bin/../lib/gcc/nios2-elf/5.2.0/../../../../../H-x86_64-pc-linux-gnu/nios2-elf/lib/libsmallc.a(lib_a-sbrkr.o)
                0x0000000007002310                _sbrk_r
 .text          0x0000000007002360        0x0 /opt/altera/16.0/nios2eds/bin/gnu/H-x86_64-pc-linux-gnu/bin/../lib/gcc/nios2-elf/5.2.0/../../../../../H-x86_64-pc-linux-gnu/nios2-elf/lib/libsmallc.a(lib_a-vfprintf.o)
 .text.print_repeat
                0x0000000007002360       0x6c /opt/altera/16.0/nios2eds/bin/gnu/H-x86_64-pc-linux-gnu/bin/../lib/gcc/nios2-elf/5.2.0/../../../../../H-x86_64-pc-linux-gnu/nios2-elf/lib/libsmallc.a(lib_a-vfprintf.o)
 .text.___vfprintf_internal_r
                0x00000000070023cc      0x524 /opt/altera/16.0/nios2eds/bin/gnu/H-x86_64-pc-linux-gnu/bin/../lib/gcc/nios2-elf/5.2.0/../../../../../H-x86_64-pc-linux-gnu/nios2-elf/lib/libsmallc.a(lib_a-vfprintf.o)
                0x00000000070023cc                ___vfprintf_internal_r
 .text.__vfprintf_internal
                0x00000000070028f0       0x1c /opt/altera/16.0/nios2eds/bin/gnu/H-x86_64-pc-linux-gnu/bin/../lib/gcc/nios2-elf/5.2.0/../../../../../H-x86_64-pc-linux-gnu/nios2-elf/lib/libsmallc.a(lib_a-vfprintf.o)
                0x00000000070028f0                __vfprintf_internal
 .text          0x000000000700290c        0x0 /opt/altera/16.0/nios2eds/bin/gnu/H-x86_64-pc-linux-gnu/bin/../lib/gcc/nios2-elf/5.2.0/../../../../../H-x86_64-pc-linux-gnu/nios2-elf/lib/libsmallc.a(lib_a-fvwrite_small_dev.o)
 .text.__sfvwrite_small_dev
                0x000000000700290c       0xb8 /opt/altera/16.0/nios2eds/bin/gnu/H-x86_64-pc-linux-gnu/bin/../lib/gcc/nios2-elf/5.2.0/../../../../../H-x86_64-pc-linux-gnu/nios2-elf/lib/libsmallc.a(lib_a-fvwrite_small_dev.o)
                0x000000000700290c                __sfvwrite_small_dev
 .text          0x00000000070029c4        0x0 /opt/altera/16.0/nios2eds/bin/gnu/H-x86_64-pc-linux-gnu/bin/../lib/gcc/nios2-elf/5.2.0/../../../../../H-x86_64-pc-linux-gnu/nios2-elf/lib/libsmallc.a(lib_a-impure.o)
 .text          0x00000000070029c4        0x0 /opt/altera/16.0/nios2eds/bin/gnu/H-x86_64-pc-linux-gnu/bin/../lib/gcc/nios2-elf/5.2.0/../../../../../H-x86_64-pc-linux-gnu/nios2-elf/lib/libsmallc.a(lib_a-int_errno.o)
 .text          0x00000000070029c4        0x0 /opt/altera/16.0/nios2eds/bin/gnu/H-x86_64-pc-linux-gnu/bin/../lib/gcc/nios2-elf/5.2.0/../../../../../H-x86_64-pc-linux-gnu/nios2-elf/lib/libsmallc.a(lib_a-strlen.o)
 .text.strlen   0x00000000070029c4       0x1c /opt/altera/16.0/nios2eds/bin/gnu/H-x86_64-pc-linux-gnu/bin/../lib/gcc/nios2-elf/5.2.0/../../../../../H-x86_64-pc-linux-gnu/nios2-elf/lib/libsmallc.a(lib_a-strlen.o)
                0x00000000070029c4                strlen
 .text          0x00000000070029e0        0x0 /opt/altera/16.0/nios2eds/bin/gnu/H-x86_64-pc-linux-gnu/bin/../lib/gcc/nios2-elf/5.2.0/../../../../../H-x86_64-pc-linux-gnu/nios2-elf/lib/libsmallc.a(lib_a-writer.o)
 .text._write_r
                0x00000000070029e0       0x58 /opt/altera/16.0/nios2eds/bin/gnu/H-x86_64-pc-linux-gnu/bin/../lib/gcc/nios2-elf/5.2.0/../../../../../H-x86_64-pc-linux-gnu/nios2-elf/lib/libsmallc.a(lib_a-writer.o)
                0x00000000070029e0                _write_r
 .text          0x0000000007002a38      0x1b4 /opt/altera/16.0/nios2eds/bin/gnu/H-x86_64-pc-linux-gnu/bin/../lib/gcc/nios2-elf/5.2.0/libgcc.a(lib2-divmod.o)
                0x0000000007002a38                __divsi3
                0x0000000007002abc                __modsi3
                0x0000000007002b30                __udivsi3
                0x0000000007002b94                __umodsi3
 .text          0x0000000007002bec      0x114 ../bsp/libhal_bsp.a(alt_load.o)
                0x0000000007002bec                alt_load
 .text          0x0000000007002d00       0x60 ../bsp/libhal_bsp.a(alt_main.o)
                0x0000000007002d00                alt_main
 .text          0x0000000007002d60       0x4c ../bsp/libhal_bsp.a(alt_sbrk.o)
                0x0000000007002d60                sbrk
 .text          0x0000000007002dac       0xe8 ../bsp/libhal_bsp.a(alt_write.o)
                0x0000000007002dac                write
 .text          0x0000000007002e94       0x58 ../bsp/libhal_bsp.a(alt_sys_init.o)
                0x0000000007002e94                alt_irq_init
                0x0000000007002eb4                alt_sys_init
 .text          0x0000000007002eec       0x20 ../bsp/libhal_bsp.a(altera_avalon_jtag_uart_fd.o)
                0x0000000007002eec                altera_avalon_jtag_uart_read_fd
                0x0000000007002efc                altera_avalon_jtag_uart_write_fd
 .text          0x0000000007002f0c       0x74 ../bsp/libhal_bsp.a(altera_avalon_jtag_uart_read.o)
                0x0000000007002f0c                altera_avalon_jtag_uart_read
 .text          0x0000000007002f80       0x34 ../bsp/libhal_bsp.a(altera_avalon_jtag_uart_write.o)
                0x0000000007002f80                altera_avalon_jtag_uart_write
 .text          0x0000000007002fb4       0xc0 ../bsp/libhal_bsp.a(altera_avalon_timer_ts.o)
                0x0000000007002fb4                alt_timestamp_start
                0x0000000007003008                alt_timestamp
                0x0000000007003064                alt_timestamp_freq
 .text          0x0000000007003074        0x0 ../bsp/libhal_bsp.a(altera_avalon_timer_vars.o)
 .text          0x0000000007003074       0xd4 ../bsp/libhal_bsp.a(alt_close.o)
                0x0000000007003074                close
 .text          0x0000000007003148       0x18 ../bsp/libhal_bsp.a(alt_dcache_flush_all.o)
                0x0000000007003148                alt_dcache_flush_all
 .text          0x0000000007003160        0x8 ../bsp/libhal_bsp.a(alt_dev.o)
 .text          0x0000000007003168       0x78 ../bsp/libhal_bsp.a(alt_dev_llist_insert.o)
                0x0000000007003168                alt_dev_llist_insert
 .text          0x00000000070031e0       0x64 ../bsp/libhal_bsp.a(alt_do_ctors.o)
                0x00000000070031e0                _do_ctors
 .text          0x0000000007003244       0x64 ../bsp/libhal_bsp.a(alt_do_dtors.o)
                0x0000000007003244                _do_dtors
 .text          0x00000000070032a8        0x0 ../bsp/libhal_bsp.a(alt_errno.o)
 .text          0x00000000070032a8        0xc ../bsp/libhal_bsp.a(alt_icache_flush_all.o)
                0x00000000070032a8                alt_icache_flush_all
 .text          0x00000000070032b4       0xe8 ../bsp/libhal_bsp.a(alt_io_redirect.o)
                0x0000000007003328                alt_io_redirect
 .text          0x000000000700339c      0x190 ../bsp/libhal_bsp.a(alt_open.o)
                0x000000000700339c                open
 .text          0x000000000700352c       0x24 ../bsp/libhal_bsp.a(alt_release_fd.o)
                0x000000000700352c                alt_release_fd
 .text          0x0000000007003550        0x8 ../bsp/libhal_bsp.a(altera_nios2_gen2_irq.o)
                0x0000000007003550                altera_nios2_gen2_irq_init
 .text          0x0000000007003558       0x78 ../bsp/libhal_bsp.a(alt_find_dev.o)
                0x0000000007003558                alt_find_dev
 .text          0x00000000070035d0       0xb0 ../bsp/libhal_bsp.a(alt_find_file.o)
                0x00000000070035d0                alt_find_file
 .text          0x0000000007003680       0x58 ../bsp/libhal_bsp.a(alt_get_fd.o)
                0x0000000007003680                alt_get_fd
 .text          0x00000000070036d8       0x50 ../bsp/libhal_bsp.a(alt_icache_flush.o)
                0x00000000070036d8                alt_icache_flush
 .text          0x0000000007003728        0x0 /opt/altera/16.0/nios2eds/bin/gnu/H-x86_64-pc-linux-gnu/bin/../lib/gcc/nios2-elf/5.2.0/../../../../../H-x86_64-pc-linux-gnu/nios2-elf/lib/libsmallc.a(lib_a-atexit.o)
 .text.atexit   0x0000000007003728       0x14 /opt/altera/16.0/nios2eds/bin/gnu/H-x86_64-pc-linux-gnu/bin/../lib/gcc/nios2-elf/5.2.0/../../../../../H-x86_64-pc-linux-gnu/nios2-elf/lib/libsmallc.a(lib_a-atexit.o)
                0x0000000007003728                atexit
 .text          0x000000000700373c        0x0 /opt/altera/16.0/nios2eds/bin/gnu/H-x86_64-pc-linux-gnu/bin/../lib/gcc/nios2-elf/5.2.0/../../../../../H-x86_64-pc-linux-gnu/nios2-elf/lib/libsmallc.a(lib_a-exit.o)
 .text.exit     0x000000000700373c       0x20 /opt/altera/16.0/nios2eds/bin/gnu/H-x86_64-pc-linux-gnu/bin/../lib/gcc/nios2-elf/5.2.0/../../../../../H-x86_64-pc-linux-gnu/nios2-elf/lib/libsmallc.a(lib_a-exit.o)
                0x000000000700373c                exit
 .text          0x000000000700375c        0x0 /opt/altera/16.0/nios2eds/bin/gnu/H-x86_64-pc-linux-gnu/bin/../lib/gcc/nios2-elf/5.2.0/../../../../../H-x86_64-pc-linux-gnu/nios2-elf/lib/libsmallc.a(lib_a-memcmp.o)
 .text.memcmp   0x000000000700375c       0x30 /opt/altera/16.0/nios2eds/bin/gnu/H-x86_64-pc-linux-gnu/bin/../lib/gcc/nios2-elf/5.2.0/../../../../../H-x86_64-pc-linux-gnu/nios2-elf/lib/libsmallc.a(lib_a-memcmp.o)
                0x000000000700375c                memcmp
 .text          0x000000000700378c        0x0 /opt/altera/16.0/nios2eds/bin/gnu/H-x86_64-pc-linux-gnu/bin/../lib/gcc/nios2-elf/5.2.0/../../../../../H-x86_64-pc-linux-gnu/nios2-elf/lib/libsmallc.a(lib_a-__atexit.o)
 .text.__register_exitproc
                0x000000000700378c      0x158 /opt/altera/16.0/nios2eds/bin/gnu/H-x86_64-pc-linux-gnu/bin/../lib/gcc/nios2-elf/5.2.0/../../../../../H-x86_64-pc-linux-gnu/nios2-elf/lib/libsmallc.a(lib_a-__atexit.o)
                0x000000000700378c                __register_exitproc
 .text          0x00000000070038e4        0x0 /opt/altera/16.0/nios2eds/bin/gnu/H-x86_64-pc-linux-gnu/bin/../lib/gcc/nios2-elf/5.2.0/../../../../../H-x86_64-pc-linux-gnu/nios2-elf/lib/libsmallc.a(lib_a-__call_atexit.o)
 .text.__call_exitprocs
                0x00000000070038e4      0x190 /opt/altera/16.0/nios2eds/bin/gnu/H-x86_64-pc-linux-gnu/bin/../lib/gcc/nios2-elf/5.2.0/../../../../../H-x86_64-pc-linux-gnu/nios2-elf/lib/libsmallc.a(lib_a-__call_atexit.o)
                0x00000000070038e4                __call_exitprocs
 .text          0x0000000007003a74       0x14 ../bsp/libhal_bsp.a(alt_exit.o)
                0x0000000007003a74                _exit
 *(.gnu.warning.*)
 *(.fini)
                [!provide]                        PROVIDE (__etext, ABSOLUTE (.))
                [!provide]                        PROVIDE (_etext, ABSOLUTE (.))
                [!provide]                        PROVIDE (etext, ABSOLUTE (.))
 *(.eh_frame_hdr)
                0x0000000007003a88                . = ALIGN (0x4)
                [!provide]                        PROVIDE (__preinit_array_start, ABSOLUTE (.))
 *(.preinit_array)
                [!provide]                        PROVIDE (__preinit_array_end, ABSOLUTE (.))
                [!provide]                        PROVIDE (__init_array_start, ABSOLUTE (.))
 *(.init_array)
                [!provide]                        PROVIDE (__init_array_end, ABSOLUTE (.))
                [!provide]                        PROVIDE (__fini_array_start, ABSOLUTE (.))
 *(.fini_array)
                [!provide]                        PROVIDE (__fini_array_end, ABSOLUTE (.))
 *(.eh_frame)
 *(.gcc_except_table .gcc_except_table.*)
 *(.dynamic)
                0x0000000007003a88                PROVIDE (__CTOR_LIST__, ABSOLUTE (.))
 *(.ctors)
 *(SORT(.ctors.*))
                0x0000000007003a88                PROVIDE (__CTOR_END__, ABSOLUTE (.))
                0x0000000007003a88                PROVIDE (__DTOR_LIST__, ABSOLUTE (.))
 *(.dtors)
 *(SORT(.dtors.*))
                0x0000000007003a88                PROVIDE (__DTOR_END__, ABSOLUTE (.))
 *(.jcr)
                0x0000000007003a88                . = ALIGN (0x4)

.rodata         0x0000000007003a88      0x3cc
                0x0000000007003a88                PROVIDE (__ram_rodata_start, ABSOLUTE (.))
                0x0000000007003a88                . = ALIGN (0x4)
 *(.rodata .rodata.* .gnu.linkonce.r.*)
 .rodata        0x0000000007003a88       0x20 obj/default/fix16_str.o
 .rodata.str1.4
                0x0000000007003aa8        0xe obj/default/main.o
 .rodata        0x0000000007003ab6      0x100 /opt/altera/16.0/nios2eds/bin/gnu/H-x86_64-pc-linux-gnu/bin/../lib/gcc/nios2-elf/5.2.0/libgcc.a(_clz.o)
                0x0000000007003ab6                __clz_tab
 .rodata._ctype_
                0x0000000007003bb6      0x101 /opt/altera/16.0/nios2eds/bin/gnu/H-x86_64-pc-linux-gnu/bin/../lib/gcc/nios2-elf/5.2.0/../../../../../H-x86_64-pc-linux-gnu/nios2-elf/lib/libsmallc.a(lib_a-ctype_.o)
                0x0000000007003bb6                _ctype_
 .rodata._ctype_b
                0x0000000007003cb7      0x180 /opt/altera/16.0/nios2eds/bin/gnu/H-x86_64-pc-linux-gnu/bin/../lib/gcc/nios2-elf/5.2.0/../../../../../H-x86_64-pc-linux-gnu/nios2-elf/lib/libsmallc.a(lib_a-ctype_.o)
 *fill*         0x0000000007003e37        0x1 
 .rodata.str1.4
                0x0000000007003e38        0xf ../bsp/libhal_bsp.a(alt_main.o)
 .rodata.str1.4
                0x0000000007003e47        0xf ../bsp/libhal_bsp.a(alt_sys_init.o)
 *fill*         0x0000000007003e47        0x1 
 .rodata.str1.4
                0x0000000007003e48        0xc ../bsp/libhal_bsp.a(alt_dev.o)
                                          0xa (size before relaxing)
 *(.rodata1)
                0x0000000007003e54                . = ALIGN (0x4)
                0x0000000007003e54                PROVIDE (__ram_rodata_end, ABSOLUTE (.))
                0x0000000007003a88                PROVIDE (__flash_rodata_start, LOADADDR (.rodata))

.rwdata         0x0000000007003e54      0x37c load address 0x00000000070041d0
                0x0000000007003e54                PROVIDE (__ram_rwdata_start, ABSOLUTE (.))
                0x0000000007003e54                . = ALIGN (0x4)
 *(.got.plt)
 *(.got)
 *(.data1)
 *(.data .data.* .gnu.linkonce.d.*)
 .data          0x0000000007003e54        0x0 ../bsp/obj/HAL/src/crt0.o
 .data          0x0000000007003e54        0x0 obj/default/display.o
 .data          0x0000000007003e54        0x0 obj/default/fix16.o
 .data          0x0000000007003e54        0x0 obj/default/fix16_exp.o
 .data          0x0000000007003e54        0x0 obj/default/fix16_sqrt.o
 .data          0x0000000007003e54        0x0 obj/default/fix16_str.o
 .data          0x0000000007003e54        0x0 obj/default/fix16_trig.o
 .data          0x0000000007003e54        0x0 obj/default/fract32.o
 .data          0x0000000007003e54        0x0 obj/default/uint32.o
 .data          0x0000000007003e54        0x0 obj/default/main.o
 .data          0x0000000007003e54        0x0 obj/default/sw_renderer.o
 .data          0x0000000007003e54       0xa0 obj/default/testdata.o
                0x0000000007003e54                test_spheres
 .data          0x0000000007003ef4        0x0 /opt/altera/16.0/nios2eds/bin/gnu/H-x86_64-pc-linux-gnu/bin/../lib/gcc/nios2-elf/5.2.0/libgcc.a(_muldi3.o)
 .data          0x0000000007003ef4        0x0 /opt/altera/16.0/nios2eds/bin/gnu/H-x86_64-pc-linux-gnu/bin/../lib/gcc/nios2-elf/5.2.0/libgcc.a(_clzsi2.o)
 .data          0x0000000007003ef4        0x0 /opt/altera/16.0/nios2eds/bin/gnu/H-x86_64-pc-linux-gnu/bin/../lib/gcc/nios2-elf/5.2.0/libgcc.a(_clz.o)
 .data          0x0000000007003ef4        0x0 /opt/altera/16.0/nios2eds/bin/gnu/H-x86_64-pc-linux-gnu/bin/../lib/gcc/nios2-elf/5.2.0/../../../../../H-x86_64-pc-linux-gnu/nios2-elf/lib/libsmallc.a(lib_a-ctype_.o)
 .data          0x0000000007003ef4        0x0 /opt/altera/16.0/nios2eds/bin/gnu/H-x86_64-pc-linux-gnu/bin/../lib/gcc/nios2-elf/5.2.0/../../../../../H-x86_64-pc-linux-gnu/nios2-elf/lib/libsmallc.a(lib_a-malloc.o)
 .data          0x0000000007003ef4        0x0 /opt/altera/16.0/nios2eds/bin/gnu/H-x86_64-pc-linux-gnu/bin/../lib/gcc/nios2-elf/5.2.0/../../../../../H-x86_64-pc-linux-gnu/nios2-elf/lib/libsmallc.a(lib_a-nano-freer.o)
 .data          0x0000000007003ef4        0x0 /opt/altera/16.0/nios2eds/bin/gnu/H-x86_64-pc-linux-gnu/bin/../lib/gcc/nios2-elf/5.2.0/../../../../../H-x86_64-pc-linux-gnu/nios2-elf/lib/libsmallc.a(lib_a-nano-mallocr.o)
 .data          0x0000000007003ef4        0x0 /opt/altera/16.0/nios2eds/bin/gnu/H-x86_64-pc-linux-gnu/bin/../lib/gcc/nios2-elf/5.2.0/../../../../../H-x86_64-pc-linux-gnu/nios2-elf/lib/libsmallc.a(lib_a-printf.o)
 .data          0x0000000007003ef4        0x0 /opt/altera/16.0/nios2eds/bin/gnu/H-x86_64-pc-linux-gnu/bin/../lib/gcc/nios2-elf/5.2.0/../../../../../H-x86_64-pc-linux-gnu/nios2-elf/lib/libsmallc.a(lib_a-rand.o)
 .data          0x0000000007003ef4        0x0 /opt/altera/16.0/nios2eds/bin/gnu/H-x86_64-pc-linux-gnu/bin/../lib/gcc/nios2-elf/5.2.0/../../../../../H-x86_64-pc-linux-gnu/nios2-elf/lib/libsmallc.a(lib_a-sbrkr.o)
 .data          0x0000000007003ef4        0x0 /opt/altera/16.0/nios2eds/bin/gnu/H-x86_64-pc-linux-gnu/bin/../lib/gcc/nios2-elf/5.2.0/../../../../../H-x86_64-pc-linux-gnu/nios2-elf/lib/libsmallc.a(lib_a-vfprintf.o)
 .data          0x0000000007003ef4        0x0 /opt/altera/16.0/nios2eds/bin/gnu/H-x86_64-pc-linux-gnu/bin/../lib/gcc/nios2-elf/5.2.0/../../../../../H-x86_64-pc-linux-gnu/nios2-elf/lib/libsmallc.a(lib_a-fvwrite_small_dev.o)
 .data          0x0000000007003ef4        0x0 /opt/altera/16.0/nios2eds/bin/gnu/H-x86_64-pc-linux-gnu/bin/../lib/gcc/nios2-elf/5.2.0/../../../../../H-x86_64-pc-linux-gnu/nios2-elf/lib/libsmallc.a(lib_a-impure.o)
 .data.impure_data
                0x0000000007003ef4       0xe0 /opt/altera/16.0/nios2eds/bin/gnu/H-x86_64-pc-linux-gnu/bin/../lib/gcc/nios2-elf/5.2.0/../../../../../H-x86_64-pc-linux-gnu/nios2-elf/lib/libsmallc.a(lib_a-impure.o)
 .data          0x0000000007003fd4        0x0 /opt/altera/16.0/nios2eds/bin/gnu/H-x86_64-pc-linux-gnu/bin/../lib/gcc/nios2-elf/5.2.0/../../../../../H-x86_64-pc-linux-gnu/nios2-elf/lib/libsmallc.a(lib_a-int_errno.o)
 .data          0x0000000007003fd4        0x0 /opt/altera/16.0/nios2eds/bin/gnu/H-x86_64-pc-linux-gnu/bin/../lib/gcc/nios2-elf/5.2.0/../../../../../H-x86_64-pc-linux-gnu/nios2-elf/lib/libsmallc.a(lib_a-strlen.o)
 .data          0x0000000007003fd4        0x0 /opt/altera/16.0/nios2eds/bin/gnu/H-x86_64-pc-linux-gnu/bin/../lib/gcc/nios2-elf/5.2.0/../../../../../H-x86_64-pc-linux-gnu/nios2-elf/lib/libsmallc.a(lib_a-writer.o)
 .data          0x0000000007003fd4        0x0 /opt/altera/16.0/nios2eds/bin/gnu/H-x86_64-pc-linux-gnu/bin/../lib/gcc/nios2-elf/5.2.0/libgcc.a(lib2-divmod.o)
 .data          0x0000000007003fd4        0x0 ../bsp/libhal_bsp.a(alt_load.o)
 .data          0x0000000007003fd4        0x0 ../bsp/libhal_bsp.a(alt_main.o)
 .data          0x0000000007003fd4        0x0 ../bsp/libhal_bsp.a(alt_sbrk.o)
 .data          0x0000000007003fd4        0x0 ../bsp/libhal_bsp.a(alt_write.o)
 .data          0x0000000007003fd4       0x2c ../bsp/libhal_bsp.a(alt_sys_init.o)
 .data          0x0000000007004000        0x0 ../bsp/libhal_bsp.a(altera_avalon_jtag_uart_fd.o)
 .data          0x0000000007004000        0x0 ../bsp/libhal_bsp.a(altera_avalon_jtag_uart_read.o)
 .data          0x0000000007004000        0x0 ../bsp/libhal_bsp.a(altera_avalon_jtag_uart_write.o)
 .data          0x0000000007004000        0x0 ../bsp/libhal_bsp.a(altera_avalon_timer_ts.o)
 .data          0x0000000007004000        0x0 ../bsp/libhal_bsp.a(altera_avalon_timer_vars.o)
 .data          0x0000000007004000        0x0 ../bsp/libhal_bsp.a(alt_close.o)
 .data          0x0000000007004000        0x0 ../bsp/libhal_bsp.a(alt_dcache_flush_all.o)
 .data          0x0000000007004000      0x1a8 ../bsp/libhal_bsp.a(alt_dev.o)
                0x0000000007004000                alt_fd_list
                0x0000000007004180                alt_dev_null
 .data          0x00000000070041a8        0x0 ../bsp/libhal_bsp.a(alt_dev_llist_insert.o)
 .data          0x00000000070041a8        0x0 ../bsp/libhal_bsp.a(alt_do_ctors.o)
 .data          0x00000000070041a8        0x0 ../bsp/libhal_bsp.a(alt_do_dtors.o)
 .data          0x00000000070041a8        0x0 ../bsp/libhal_bsp.a(alt_errno.o)
 .data          0x00000000070041a8        0x0 ../bsp/libhal_bsp.a(alt_icache_flush_all.o)
 .data          0x00000000070041a8        0x0 ../bsp/libhal_bsp.a(alt_io_redirect.o)
 .data          0x00000000070041a8        0x0 ../bsp/libhal_bsp.a(alt_open.o)
 .data          0x00000000070041a8        0x0 ../bsp/libhal_bsp.a(alt_release_fd.o)
 .data          0x00000000070041a8        0x0 ../bsp/libhal_bsp.a(altera_nios2_gen2_irq.o)
 .data          0x00000000070041a8        0x0 ../bsp/libhal_bsp.a(alt_find_dev.o)
 .data          0x00000000070041a8        0x0 ../bsp/libhal_bsp.a(alt_find_file.o)
 .data          0x00000000070041a8        0x0 ../bsp/libhal_bsp.a(alt_get_fd.o)
 .data          0x00000000070041a8        0x0 ../bsp/libhal_bsp.a(alt_icache_flush.o)
 .data          0x00000000070041a8        0x0 /opt/altera/16.0/nios2eds/bin/gnu/H-x86_64-pc-linux-gnu/bin/../lib/gcc/nios2-elf/5.2.0/../../../../../H-x86_64-pc-linux-gnu/nios2-elf/lib/libsmallc.a(lib_a-atexit.o)
 .data          0x00000000070041a8        0x0 /opt/altera/16.0/nios2eds/bin/gnu/H-x86_64-pc-linux-gnu/bin/../lib/gcc/nios2-elf/5.2.0/../../../../../H-x86_64-pc-linux-gnu/nios2-elf/lib/libsmallc.a(lib_a-exit.o)
 .data          0x00000000070041a8        0x0 /opt/altera/16.0/nios2eds/bin/gnu/H-x86_64-pc-linux-gnu/bin/../lib/gcc/nios2-elf/5.2.0/../../../../../H-x86_64-pc-linux-gnu/nios2-elf/lib/libsmallc.a(lib_a-memcmp.o)
 .data          0x00000000070041a8        0x0 /opt/altera/16.0/nios2eds/bin/gnu/H-x86_64-pc-linux-gnu/bin/../lib/gcc/nios2-elf/5.2.0/../../../../../H-x86_64-pc-linux-gnu/nios2-elf/lib/libsmallc.a(lib_a-__atexit.o)
 .data          0x00000000070041a8        0x0 /opt/altera/16.0/nios2eds/bin/gnu/H-x86_64-pc-linux-gnu/bin/../lib/gcc/nios2-elf/5.2.0/../../../../../H-x86_64-pc-linux-gnu/nios2-elf/lib/libsmallc.a(lib_a-__call_atexit.o)
 .data          0x00000000070041a8        0x0 ../bsp/libhal_bsp.a(alt_exit.o)
                0x000000000700c1a8                _gp = ABSOLUTE ((. + 0x8000))
                [!provide]                        PROVIDE (gp, _gp)
 *(.rwdata .rwdata.*)
 *(.sdata .sdata.* .gnu.linkonce.s.*)
 .sdata.__ctype_ptr__
                0x00000000070041a8        0x4 /opt/altera/16.0/nios2eds/bin/gnu/H-x86_64-pc-linux-gnu/bin/../lib/gcc/nios2-elf/5.2.0/../../../../../H-x86_64-pc-linux-gnu/nios2-elf/lib/libsmallc.a(lib_a-ctype_.o)
                0x00000000070041a8                __ctype_ptr__
 .sdata._global_impure_ptr
                0x00000000070041ac        0x4 /opt/altera/16.0/nios2eds/bin/gnu/H-x86_64-pc-linux-gnu/bin/../lib/gcc/nios2-elf/5.2.0/../../../../../H-x86_64-pc-linux-gnu/nios2-elf/lib/libsmallc.a(lib_a-impure.o)
                0x00000000070041ac                _global_impure_ptr
 .sdata._impure_ptr
                0x00000000070041b0        0x4 /opt/altera/16.0/nios2eds/bin/gnu/H-x86_64-pc-linux-gnu/bin/../lib/gcc/nios2-elf/5.2.0/../../../../../H-x86_64-pc-linux-gnu/nios2-elf/lib/libsmallc.a(lib_a-impure.o)
                0x00000000070041b0                _impure_ptr
 .sdata         0x00000000070041b4        0x4 ../bsp/libhal_bsp.a(alt_sbrk.o)
 .sdata         0x00000000070041b8       0x14 ../bsp/libhal_bsp.a(alt_dev.o)
                0x00000000070041b8                alt_max_fd
                0x00000000070041bc                alt_dev_list
                0x00000000070041c4                alt_fs_list
 .sdata         0x00000000070041cc        0x4 ../bsp/libhal_bsp.a(alt_errno.o)
                0x00000000070041cc                alt_errno
 *(.sdata2 .sdata2.* .gnu.linkonce.s2.*)
                0x00000000070041d0                . = ALIGN (0x4)
                0x00000000070041d0                _edata = ABSOLUTE (.)
                [!provide]                        PROVIDE (edata, ABSOLUTE (.))
                0x00000000070041d0                PROVIDE (__ram_rwdata_end, ABSOLUTE (.))
                0x00000000070041d0                PROVIDE (__flash_rwdata_start, LOADADDR (.rwdata))

.bss            0x000000000700454c    0x1c270
                0x000000000700454c                __bss_start = ABSOLUTE (.)
                [!provide]                        PROVIDE (__sbss_start, ABSOLUTE (.))
                [!provide]                        PROVIDE (___sbss_start, ABSOLUTE (.))
 *(.dynsbss)
 *(.sbss .sbss.* .gnu.linkonce.sb.*)
 .sbss          0x000000000700454c        0xc obj/default/display.o
 .sbss          0x0000000007004558        0x4 obj/default/testdata.o
 .sbss.__malloc_sbrk_start
                0x000000000700455c        0x4 /opt/altera/16.0/nios2eds/bin/gnu/H-x86_64-pc-linux-gnu/bin/../lib/gcc/nios2-elf/5.2.0/../../../../../H-x86_64-pc-linux-gnu/nios2-elf/lib/libsmallc.a(lib_a-nano-mallocr.o)
                0x000000000700455c                __malloc_sbrk_start
 .sbss.__malloc_free_list
                0x0000000007004560        0x4 /opt/altera/16.0/nios2eds/bin/gnu/H-x86_64-pc-linux-gnu/bin/../lib/gcc/nios2-elf/5.2.0/../../../../../H-x86_64-pc-linux-gnu/nios2-elf/lib/libsmallc.a(lib_a-nano-mallocr.o)
                0x0000000007004560                __malloc_free_list
 .sbss._randbits
                0x0000000007004564        0x8 /opt/altera/16.0/nios2eds/bin/gnu/H-x86_64-pc-linux-gnu/bin/../lib/gcc/nios2-elf/5.2.0/../../../../../H-x86_64-pc-linux-gnu/nios2-elf/lib/libsmallc.a(lib_a-rand.o)
 .sbss          0x000000000700456c        0x4 /opt/altera/16.0/nios2eds/bin/gnu/H-x86_64-pc-linux-gnu/bin/../lib/gcc/nios2-elf/5.2.0/../../../../../H-x86_64-pc-linux-gnu/nios2-elf/lib/libsmallc.a(lib_a-int_errno.o)
                0x000000000700456c                errno
 .sbss          0x0000000007004570        0xc ../bsp/libhal_bsp.a(alt_main.o)
                0x0000000007004570                alt_envp
                0x0000000007004574                alt_argv
                0x0000000007004578                alt_argc
 .sbss          0x000000000700457c        0x8 ../bsp/libhal_bsp.a(altera_avalon_timer_vars.o)
                0x000000000700457c                altera_avalon_timer_ts_freq
                0x0000000007004580                altera_avalon_timer_ts_base
 *(.sbss2 .sbss2.* .gnu.linkonce.sb2.*)
 *(.scommon)
                [!provide]                        PROVIDE (__sbss_end, ABSOLUTE (.))
                [!provide]                        PROVIDE (___sbss_end, ABSOLUTE (.))
 *(.dynbss)
 *(.bss .bss.* .gnu.linkonce.b.*)
 .bss           0x0000000007004584        0x0 ../bsp/obj/HAL/src/crt0.o
 .bss           0x0000000007004584        0x0 obj/default/display.o
 .bss           0x0000000007004584        0x0 obj/default/fix16.o
 .bss           0x0000000007004584     0x8000 obj/default/fix16_exp.o
 .bss           0x000000000700c584        0x0 obj/default/fix16_sqrt.o
 .bss           0x000000000700c584        0x0 obj/default/fix16_str.o
 .bss           0x000000000700c584    0x14000 obj/default/fix16_trig.o
 .bss           0x0000000007020584        0x0 obj/default/fract32.o
 .bss           0x0000000007020584        0x0 obj/default/uint32.o
 .bss           0x0000000007020584        0x0 obj/default/main.o
 .bss           0x0000000007020584      0x238 obj/default/sw_renderer.o
 .bss           0x00000000070207bc        0x0 obj/default/testdata.o
 .bss           0x00000000070207bc        0x0 /opt/altera/16.0/nios2eds/bin/gnu/H-x86_64-pc-linux-gnu/bin/../lib/gcc/nios2-elf/5.2.0/libgcc.a(_muldi3.o)
 .bss           0x00000000070207bc        0x0 /opt/altera/16.0/nios2eds/bin/gnu/H-x86_64-pc-linux-gnu/bin/../lib/gcc/nios2-elf/5.2.0/libgcc.a(_clzsi2.o)
 .bss           0x00000000070207bc        0x0 /opt/altera/16.0/nios2eds/bin/gnu/H-x86_64-pc-linux-gnu/bin/../lib/gcc/nios2-elf/5.2.0/libgcc.a(_clz.o)
 .bss           0x00000000070207bc        0x0 /opt/altera/16.0/nios2eds/bin/gnu/H-x86_64-pc-linux-gnu/bin/../lib/gcc/nios2-elf/5.2.0/../../../../../H-x86_64-pc-linux-gnu/nios2-elf/lib/libsmallc.a(lib_a-ctype_.o)
 .bss           0x00000000070207bc        0x0 /opt/altera/16.0/nios2eds/bin/gnu/H-x86_64-pc-linux-gnu/bin/../lib/gcc/nios2-elf/5.2.0/../../../../../H-x86_64-pc-linux-gnu/nios2-elf/lib/libsmallc.a(lib_a-malloc.o)
 .bss           0x00000000070207bc        0x0 /opt/altera/16.0/nios2eds/bin/gnu/H-x86_64-pc-linux-gnu/bin/../lib/gcc/nios2-elf/5.2.0/../../../../../H-x86_64-pc-linux-gnu/nios2-elf/lib/libsmallc.a(lib_a-nano-freer.o)
 .bss           0x00000000070207bc        0x0 /opt/altera/16.0/nios2eds/bin/gnu/H-x86_64-pc-linux-gnu/bin/../lib/gcc/nios2-elf/5.2.0/../../../../../H-x86_64-pc-linux-gnu/nios2-elf/lib/libsmallc.a(lib_a-nano-mallocr.o)
 .bss           0x00000000070207bc        0x0 /opt/altera/16.0/nios2eds/bin/gnu/H-x86_64-pc-linux-gnu/bin/../lib/gcc/nios2-elf/5.2.0/../../../../../H-x86_64-pc-linux-gnu/nios2-elf/lib/libsmallc.a(lib_a-printf.o)
 .bss           0x00000000070207bc        0x0 /opt/altera/16.0/nios2eds/bin/gnu/H-x86_64-pc-linux-gnu/bin/../lib/gcc/nios2-elf/5.2.0/../../../../../H-x86_64-pc-linux-gnu/nios2-elf/lib/libsmallc.a(lib_a-rand.o)
 .bss           0x00000000070207bc        0x0 /opt/altera/16.0/nios2eds/bin/gnu/H-x86_64-pc-linux-gnu/bin/../lib/gcc/nios2-elf/5.2.0/../../../../../H-x86_64-pc-linux-gnu/nios2-elf/lib/libsmallc.a(lib_a-sbrkr.o)
 .bss           0x00000000070207bc        0x0 /opt/altera/16.0/nios2eds/bin/gnu/H-x86_64-pc-linux-gnu/bin/../lib/gcc/nios2-elf/5.2.0/../../../../../H-x86_64-pc-linux-gnu/nios2-elf/lib/libsmallc.a(lib_a-vfprintf.o)
 .bss           0x00000000070207bc        0x0 /opt/altera/16.0/nios2eds/bin/gnu/H-x86_64-pc-linux-gnu/bin/../lib/gcc/nios2-elf/5.2.0/../../../../../H-x86_64-pc-linux-gnu/nios2-elf/lib/libsmallc.a(lib_a-fvwrite_small_dev.o)
 .bss           0x00000000070207bc        0x0 /opt/altera/16.0/nios2eds/bin/gnu/H-x86_64-pc-linux-gnu/bin/../lib/gcc/nios2-elf/5.2.0/../../../../../H-x86_64-pc-linux-gnu/nios2-elf/lib/libsmallc.a(lib_a-impure.o)
 .bss           0x00000000070207bc        0x0 /opt/altera/16.0/nios2eds/bin/gnu/H-x86_64-pc-linux-gnu/bin/../lib/gcc/nios2-elf/5.2.0/../../../../../H-x86_64-pc-linux-gnu/nios2-elf/lib/libsmallc.a(lib_a-int_errno.o)
 .bss           0x00000000070207bc        0x0 /opt/altera/16.0/nios2eds/bin/gnu/H-x86_64-pc-linux-gnu/bin/../lib/gcc/nios2-elf/5.2.0/../../../../../H-x86_64-pc-linux-gnu/nios2-elf/lib/libsmallc.a(lib_a-strlen.o)
 .bss           0x00000000070207bc        0x0 /opt/altera/16.0/nios2eds/bin/gnu/H-x86_64-pc-linux-gnu/bin/../lib/gcc/nios2-elf/5.2.0/../../../../../H-x86_64-pc-linux-gnu/nios2-elf/lib/libsmallc.a(lib_a-writer.o)
 .bss           0x00000000070207bc        0x0 /opt/altera/16.0/nios2eds/bin/gnu/H-x86_64-pc-linux-gnu/bin/../lib/gcc/nios2-elf/5.2.0/libgcc.a(lib2-divmod.o)
 .bss           0x00000000070207bc        0x0 ../bsp/libhal_bsp.a(alt_load.o)
 .bss           0x00000000070207bc        0x0 ../bsp/libhal_bsp.a(alt_main.o)
 .bss           0x00000000070207bc        0x0 ../bsp/libhal_bsp.a(alt_sbrk.o)
 .bss           0x00000000070207bc        0x0 ../bsp/libhal_bsp.a(alt_write.o)
 .bss           0x00000000070207bc        0x0 ../bsp/libhal_bsp.a(alt_sys_init.o)
 .bss           0x00000000070207bc        0x0 ../bsp/libhal_bsp.a(altera_avalon_jtag_uart_fd.o)
 .bss           0x00000000070207bc        0x0 ../bsp/libhal_bsp.a(altera_avalon_jtag_uart_read.o)
 .bss           0x00000000070207bc        0x0 ../bsp/libhal_bsp.a(altera_avalon_jtag_uart_write.o)
 .bss           0x00000000070207bc        0x0 ../bsp/libhal_bsp.a(altera_avalon_timer_ts.o)
 .bss           0x00000000070207bc        0x0 ../bsp/libhal_bsp.a(altera_avalon_timer_vars.o)
 .bss           0x00000000070207bc        0x0 ../bsp/libhal_bsp.a(alt_close.o)
 .bss           0x00000000070207bc        0x0 ../bsp/libhal_bsp.a(alt_dcache_flush_all.o)
 .bss           0x00000000070207bc        0x0 ../bsp/libhal_bsp.a(alt_dev.o)
 .bss           0x00000000070207bc        0x0 ../bsp/libhal_bsp.a(alt_dev_llist_insert.o)
 .bss           0x00000000070207bc        0x0 ../bsp/libhal_bsp.a(alt_do_ctors.o)
 .bss           0x00000000070207bc        0x0 ../bsp/libhal_bsp.a(alt_do_dtors.o)
 .bss           0x00000000070207bc        0x0 ../bsp/libhal_bsp.a(alt_errno.o)
 .bss           0x00000000070207bc        0x0 ../bsp/libhal_bsp.a(alt_icache_flush_all.o)
 .bss           0x00000000070207bc        0x0 ../bsp/libhal_bsp.a(alt_io_redirect.o)
 .bss           0x00000000070207bc        0x0 ../bsp/libhal_bsp.a(alt_open.o)
 .bss           0x00000000070207bc        0x0 ../bsp/libhal_bsp.a(alt_release_fd.o)
 .bss           0x00000000070207bc        0x0 ../bsp/libhal_bsp.a(altera_nios2_gen2_irq.o)
 .bss           0x00000000070207bc        0x0 ../bsp/libhal_bsp.a(alt_find_dev.o)
 .bss           0x00000000070207bc        0x0 ../bsp/libhal_bsp.a(alt_find_file.o)
 .bss           0x00000000070207bc        0x0 ../bsp/libhal_bsp.a(alt_get_fd.o)
 .bss           0x00000000070207bc        0x0 ../bsp/libhal_bsp.a(alt_icache_flush.o)
 .bss           0x00000000070207bc        0x0 /opt/altera/16.0/nios2eds/bin/gnu/H-x86_64-pc-linux-gnu/bin/../lib/gcc/nios2-elf/5.2.0/../../../../../H-x86_64-pc-linux-gnu/nios2-elf/lib/libsmallc.a(lib_a-atexit.o)
 .bss           0x00000000070207bc        0x0 /opt/altera/16.0/nios2eds/bin/gnu/H-x86_64-pc-linux-gnu/bin/../lib/gcc/nios2-elf/5.2.0/../../../../../H-x86_64-pc-linux-gnu/nios2-elf/lib/libsmallc.a(lib_a-exit.o)
 .bss           0x00000000070207bc        0x0 /opt/altera/16.0/nios2eds/bin/gnu/H-x86_64-pc-linux-gnu/bin/../lib/gcc/nios2-elf/5.2.0/../../../../../H-x86_64-pc-linux-gnu/nios2-elf/lib/libsmallc.a(lib_a-memcmp.o)
 .bss           0x00000000070207bc        0x0 /opt/altera/16.0/nios2eds/bin/gnu/H-x86_64-pc-linux-gnu/bin/../lib/gcc/nios2-elf/5.2.0/../../../../../H-x86_64-pc-linux-gnu/nios2-elf/lib/libsmallc.a(lib_a-__atexit.o)
 .bss           0x00000000070207bc        0x0 /opt/altera/16.0/nios2eds/bin/gnu/H-x86_64-pc-linux-gnu/bin/../lib/gcc/nios2-elf/5.2.0/../../../../../H-x86_64-pc-linux-gnu/nios2-elf/lib/libsmallc.a(lib_a-__call_atexit.o)
 .bss           0x00000000070207bc        0x0 ../bsp/libhal_bsp.a(alt_exit.o)
 *(COMMON)
                0x00000000070207bc                . = ALIGN (0x4)
                0x00000000070207bc                __bss_end = ABSOLUTE (.)

.onchip_ram     0x00000000070207bc        0x0
                [!provide]                        PROVIDE (_alt_partition_onchip_ram_start, ABSOLUTE (.))
 *(.onchip_ram .onchip_ram. onchip_ram.*)
                0x00000000070207bc                . = ALIGN (0x4)
                [!provide]                        PROVIDE (_alt_partition_onchip_ram_end, ABSOLUTE (.))
                0x00000000070207bc                __alt_stack_base = ABSOLUTE (.)
                [!provide]                        PROVIDE (_alt_partition_onchip_ram_load_addr, LOADADDR (.onchip_ram))

.sdram          0x0000000008000000        0x0 load address 0x00000000070207bc
                [!provide]                        PROVIDE (_alt_partition_sdram_start, ABSOLUTE (.))
 *(.sdram .sdram. sdram.*)
                0x0000000008000000                . = ALIGN (0x4)
                [!provide]                        PROVIDE (_alt_partition_sdram_end, ABSOLUTE (.))
                0x0000000008000000                _end = ABSOLUTE (.)
                0x0000000008000000                end = ABSOLUTE (.)
                [!provide]                        PROVIDE (_alt_partition_sdram_load_addr, LOADADDR (.sdram))

.stab
 *(.stab)

.stabstr
 *(.stabstr)

.stab.excl
 *(.stab.excl)

.stab.exclstr
 *(.stab.exclstr)

.stab.index
 *(.stab.index)

.stab.indexstr
 *(.stab.indexstr)

.comment        0x0000000000000000       0x23
 *(.comment)
 .comment       0x0000000000000000       0x23 obj/default/display.o
                                         0x24 (size before relaxing)
 .comment       0x0000000000000023       0x24 obj/default/fix16.o
 .comment       0x0000000000000023       0x24 obj/default/fix16_exp.o
 .comment       0x0000000000000023       0x24 obj/default/fix16_sqrt.o
 .comment       0x0000000000000023       0x24 obj/default/fix16_str.o
 .comment       0x0000000000000023       0x24 obj/default/fix16_trig.o
 .comment       0x0000000000000023       0x24 obj/default/fract32.o
 .comment       0x0000000000000023       0x24 obj/default/uint32.o
 .comment       0x0000000000000023       0x24 obj/default/main.o
 .comment       0x0000000000000023       0x24 obj/default/sw_renderer.o
 .comment       0x0000000000000023       0x24 obj/default/testdata.o
 .comment       0x0000000000000023       0x24 /opt/altera/16.0/nios2eds/bin/gnu/H-x86_64-pc-linux-gnu/bin/../lib/gcc/nios2-elf/5.2.0/libgcc.a(_muldi3.o)
 .comment       0x0000000000000023       0x24 /opt/altera/16.0/nios2eds/bin/gnu/H-x86_64-pc-linux-gnu/bin/../lib/gcc/nios2-elf/5.2.0/libgcc.a(_clzsi2.o)
 .comment       0x0000000000000023       0x24 /opt/altera/16.0/nios2eds/bin/gnu/H-x86_64-pc-linux-gnu/bin/../lib/gcc/nios2-elf/5.2.0/libgcc.a(_clz.o)
 .comment       0x0000000000000023       0x24 /opt/altera/16.0/nios2eds/bin/gnu/H-x86_64-pc-linux-gnu/bin/../lib/gcc/nios2-elf/5.2.0/../../../../../H-x86_64-pc-linux-gnu/nios2-elf/lib/libsmallc.a(lib_a-ctype_.o)
 .comment       0x0000000000000023       0x24 /opt/altera/16.0/nios2eds/bin/gnu/H-x86_64-pc-linux-gnu/bin/../lib/gcc/nios2-elf/5.2.0/../../../../../H-x86_64-pc-linux-gnu/nios2-elf/lib/libsmallc.a(lib_a-malloc.o)
 .comment       0x0000000000000023       0x24 /opt/altera/16.0/nios2eds/bin/gnu/H-x86_64-pc-linux-gnu/bin/../lib/gcc/nios2-elf/5.2.0/../../../../../H-x86_64-pc-linux-gnu/nios2-elf/lib/libsmallc.a(lib_a-nano-freer.o)
 .comment       0x0000000000000023       0x24 /opt/altera/16.0/nios2eds/bin/gnu/H-x86_64-pc-linux-gnu/bin/../lib/gcc/nios2-elf/5.2.0/../../../../../H-x86_64-pc-linux-gnu/nios2-elf/lib/libsmallc.a(lib_a-nano-mallocr.o)
 .comment       0x0000000000000023       0x24 /opt/altera/16.0/nios2eds/bin/gnu/H-x86_64-pc-linux-gnu/bin/../lib/gcc/nios2-elf/5.2.0/../../../../../H-x86_64-pc-linux-gnu/nios2-elf/lib/libsmallc.a(lib_a-printf.o)
 .comment       0x0000000000000023       0x24 /opt/altera/16.0/nios2eds/bin/gnu/H-x86_64-pc-linux-gnu/bin/../lib/gcc/nios2-elf/5.2.0/../../../../../H-x86_64-pc-linux-gnu/nios2-elf/lib/libsmallc.a(lib_a-rand.o)
 .comment       0x0000000000000023       0x24 /opt/altera/16.0/nios2eds/bin/gnu/H-x86_64-pc-linux-gnu/bin/../lib/gcc/nios2-elf/5.2.0/../../../../../H-x86_64-pc-linux-gnu/nios2-elf/lib/libsmallc.a(lib_a-sbrkr.o)
 .comment       0x0000000000000023       0x24 /opt/altera/16.0/nios2eds/bin/gnu/H-x86_64-pc-linux-gnu/bin/../lib/gcc/nios2-elf/5.2.0/../../../../../H-x86_64-pc-linux-gnu/nios2-elf/lib/libsmallc.a(lib_a-vfprintf.o)
 .comment       0x0000000000000023       0x24 /opt/altera/16.0/nios2eds/bin/gnu/H-x86_64-pc-linux-gnu/bin/../lib/gcc/nios2-elf/5.2.0/../../../../../H-x86_64-pc-linux-gnu/nios2-elf/lib/libsmallc.a(lib_a-fvwrite_small_dev.o)
 .comment       0x0000000000000023       0x24 /opt/altera/16.0/nios2eds/bin/gnu/H-x86_64-pc-linux-gnu/bin/../lib/gcc/nios2-elf/5.2.0/../../../../../H-x86_64-pc-linux-gnu/nios2-elf/lib/libsmallc.a(lib_a-impure.o)
 .comment       0x0000000000000023       0x24 /opt/altera/16.0/nios2eds/bin/gnu/H-x86_64-pc-linux-gnu/bin/../lib/gcc/nios2-elf/5.2.0/../../../../../H-x86_64-pc-linux-gnu/nios2-elf/lib/libsmallc.a(lib_a-int_errno.o)
 .comment       0x0000000000000023       0x24 /opt/altera/16.0/nios2eds/bin/gnu/H-x86_64-pc-linux-gnu/bin/../lib/gcc/nios2-elf/5.2.0/../../../../../H-x86_64-pc-linux-gnu/nios2-elf/lib/libsmallc.a(lib_a-strlen.o)
 .comment       0x0000000000000023       0x24 /opt/altera/16.0/nios2eds/bin/gnu/H-x86_64-pc-linux-gnu/bin/../lib/gcc/nios2-elf/5.2.0/../../../../../H-x86_64-pc-linux-gnu/nios2-elf/lib/libsmallc.a(lib_a-writer.o)
 .comment       0x0000000000000023       0x24 /opt/altera/16.0/nios2eds/bin/gnu/H-x86_64-pc-linux-gnu/bin/../lib/gcc/nios2-elf/5.2.0/libgcc.a(lib2-divmod.o)
 .comment       0x0000000000000023       0x24 ../bsp/libhal_bsp.a(alt_load.o)
 .comment       0x0000000000000023       0x24 ../bsp/libhal_bsp.a(alt_main.o)
 .comment       0x0000000000000023       0x24 ../bsp/libhal_bsp.a(alt_sbrk.o)
 .comment       0x0000000000000023       0x24 ../bsp/libhal_bsp.a(alt_write.o)
 .comment       0x0000000000000023       0x24 ../bsp/libhal_bsp.a(alt_sys_init.o)
 .comment       0x0000000000000023       0x24 ../bsp/libhal_bsp.a(altera_avalon_jtag_uart_fd.o)
 .comment       0x0000000000000023       0x24 ../bsp/libhal_bsp.a(altera_avalon_jtag_uart_read.o)
 .comment       0x0000000000000023       0x24 ../bsp/libhal_bsp.a(altera_avalon_jtag_uart_write.o)
 .comment       0x0000000000000023       0x24 ../bsp/libhal_bsp.a(altera_avalon_timer_ts.o)
 .comment       0x0000000000000023       0x24 ../bsp/libhal_bsp.a(altera_avalon_timer_vars.o)
 .comment       0x0000000000000023       0x24 ../bsp/libhal_bsp.a(alt_close.o)
 .comment       0x0000000000000023       0x24 ../bsp/libhal_bsp.a(alt_dcache_flush_all.o)
 .comment       0x0000000000000023       0x24 ../bsp/libhal_bsp.a(alt_dev.o)
 .comment       0x0000000000000023       0x24 ../bsp/libhal_bsp.a(alt_dev_llist_insert.o)
 .comment       0x0000000000000023       0x24 ../bsp/libhal_bsp.a(alt_do_ctors.o)
 .comment       0x0000000000000023       0x24 ../bsp/libhal_bsp.a(alt_do_dtors.o)
 .comment       0x0000000000000023       0x24 ../bsp/libhal_bsp.a(alt_errno.o)
 .comment       0x0000000000000023       0x24 ../bsp/libhal_bsp.a(alt_icache_flush_all.o)
 .comment       0x0000000000000023       0x24 ../bsp/libhal_bsp.a(alt_io_redirect.o)
 .comment       0x0000000000000023       0x24 ../bsp/libhal_bsp.a(alt_open.o)
 .comment       0x0000000000000023       0x24 ../bsp/libhal_bsp.a(alt_release_fd.o)
 .comment       0x0000000000000023       0x24 ../bsp/libhal_bsp.a(altera_nios2_gen2_irq.o)
 .comment       0x0000000000000023       0x24 ../bsp/libhal_bsp.a(alt_find_dev.o)
 .comment       0x0000000000000023       0x24 ../bsp/libhal_bsp.a(alt_find_file.o)
 .comment       0x0000000000000023       0x24 ../bsp/libhal_bsp.a(alt_get_fd.o)
 .comment       0x0000000000000023       0x24 ../bsp/libhal_bsp.a(alt_icache_flush.o)
 .comment       0x0000000000000023       0x24 /opt/altera/16.0/nios2eds/bin/gnu/H-x86_64-pc-linux-gnu/bin/../lib/gcc/nios2-elf/5.2.0/../../../../../H-x86_64-pc-linux-gnu/nios2-elf/lib/libsmallc.a(lib_a-atexit.o)
 .comment       0x0000000000000023       0x24 /opt/altera/16.0/nios2eds/bin/gnu/H-x86_64-pc-linux-gnu/bin/../lib/gcc/nios2-elf/5.2.0/../../../../../H-x86_64-pc-linux-gnu/nios2-elf/lib/libsmallc.a(lib_a-exit.o)
 .comment       0x0000000000000023       0x24 /opt/altera/16.0/nios2eds/bin/gnu/H-x86_64-pc-linux-gnu/bin/../lib/gcc/nios2-elf/5.2.0/../../../../../H-x86_64-pc-linux-gnu/nios2-elf/lib/libsmallc.a(lib_a-memcmp.o)
 .comment       0x0000000000000023       0x24 /opt/altera/16.0/nios2eds/bin/gnu/H-x86_64-pc-linux-gnu/bin/../lib/gcc/nios2-elf/5.2.0/../../../../../H-x86_64-pc-linux-gnu/nios2-elf/lib/libsmallc.a(lib_a-__atexit.o)
 .comment       0x0000000000000023       0x24 /opt/altera/16.0/nios2eds/bin/gnu/H-x86_64-pc-linux-gnu/bin/../lib/gcc/nios2-elf/5.2.0/../../../../../H-x86_64-pc-linux-gnu/nios2-elf/lib/libsmallc.a(lib_a-__call_atexit.o)
 .comment       0x0000000000000023       0x24 ../bsp/libhal_bsp.a(alt_exit.o)

.debug
 *(.debug)

.line
 *(.line)

.debug_srcinfo
 *(.debug_srcinfo)

.debug_sfnames
 *(.debug_sfnames)

.debug_aranges  0x0000000000000000      0x7a0
 *(.debug_aranges)
 .debug_aranges
                0x0000000000000000       0x28 ../bsp/obj/HAL/src/crt0.o
 .debug_aranges
                0x0000000000000028       0x20 obj/default/display.o
 .debug_aranges
                0x0000000000000048       0x20 obj/default/fix16.o
 .debug_aranges
                0x0000000000000068       0x20 obj/default/fix16_exp.o
 .debug_aranges
                0x0000000000000088       0x20 obj/default/fix16_sqrt.o
 .debug_aranges
                0x00000000000000a8       0x20 obj/default/fix16_str.o
 .debug_aranges
                0x00000000000000c8       0x20 obj/default/fix16_trig.o
 .debug_aranges
                0x00000000000000e8       0x20 obj/default/fract32.o
 .debug_aranges
                0x0000000000000108       0x20 obj/default/uint32.o
 .debug_aranges
                0x0000000000000128       0x20 obj/default/main.o
 .debug_aranges
                0x0000000000000148       0x20 obj/default/sw_renderer.o
 .debug_aranges
                0x0000000000000168       0x20 obj/default/testdata.o
 .debug_aranges
                0x0000000000000188       0x20 /opt/altera/16.0/nios2eds/bin/gnu/H-x86_64-pc-linux-gnu/bin/../lib/gcc/nios2-elf/5.2.0/libgcc.a(_muldi3.o)
 .debug_aranges
                0x00000000000001a8       0x20 /opt/altera/16.0/nios2eds/bin/gnu/H-x86_64-pc-linux-gnu/bin/../lib/gcc/nios2-elf/5.2.0/libgcc.a(_clzsi2.o)
 .debug_aranges
                0x00000000000001c8       0x18 /opt/altera/16.0/nios2eds/bin/gnu/H-x86_64-pc-linux-gnu/bin/../lib/gcc/nios2-elf/5.2.0/libgcc.a(_clz.o)
 .debug_aranges
                0x00000000000001e0       0x18 /opt/altera/16.0/nios2eds/bin/gnu/H-x86_64-pc-linux-gnu/bin/../lib/gcc/nios2-elf/5.2.0/../../../../../H-x86_64-pc-linux-gnu/nios2-elf/lib/libsmallc.a(lib_a-ctype_.o)
 .debug_aranges
                0x00000000000001f8       0x28 /opt/altera/16.0/nios2eds/bin/gnu/H-x86_64-pc-linux-gnu/bin/../lib/gcc/nios2-elf/5.2.0/../../../../../H-x86_64-pc-linux-gnu/nios2-elf/lib/libsmallc.a(lib_a-malloc.o)
 .debug_aranges
                0x0000000000000220       0x20 /opt/altera/16.0/nios2eds/bin/gnu/H-x86_64-pc-linux-gnu/bin/../lib/gcc/nios2-elf/5.2.0/../../../../../H-x86_64-pc-linux-gnu/nios2-elf/lib/libsmallc.a(lib_a-nano-freer.o)
 .debug_aranges
                0x0000000000000240       0x20 /opt/altera/16.0/nios2eds/bin/gnu/H-x86_64-pc-linux-gnu/bin/../lib/gcc/nios2-elf/5.2.0/../../../../../H-x86_64-pc-linux-gnu/nios2-elf/lib/libsmallc.a(lib_a-nano-mallocr.o)
 .debug_aranges
                0x0000000000000260       0x28 /opt/altera/16.0/nios2eds/bin/gnu/H-x86_64-pc-linux-gnu/bin/../lib/gcc/nios2-elf/5.2.0/../../../../../H-x86_64-pc-linux-gnu/nios2-elf/lib/libsmallc.a(lib_a-printf.o)
 .debug_aranges
                0x0000000000000288       0x28 /opt/altera/16.0/nios2eds/bin/gnu/H-x86_64-pc-linux-gnu/bin/../lib/gcc/nios2-elf/5.2.0/../../../../../H-x86_64-pc-linux-gnu/nios2-elf/lib/libsmallc.a(lib_a-rand.o)
 .debug_aranges
                0x00000000000002b0       0x20 /opt/altera/16.0/nios2eds/bin/gnu/H-x86_64-pc-linux-gnu/bin/../lib/gcc/nios2-elf/5.2.0/../../../../../H-x86_64-pc-linux-gnu/nios2-elf/lib/libsmallc.a(lib_a-sbrkr.o)
 .debug_aranges
                0x00000000000002d0       0x30 /opt/altera/16.0/nios2eds/bin/gnu/H-x86_64-pc-linux-gnu/bin/../lib/gcc/nios2-elf/5.2.0/../../../../../H-x86_64-pc-linux-gnu/nios2-elf/lib/libsmallc.a(lib_a-vfprintf.o)
 .debug_aranges
                0x0000000000000300       0x20 /opt/altera/16.0/nios2eds/bin/gnu/H-x86_64-pc-linux-gnu/bin/../lib/gcc/nios2-elf/5.2.0/../../../../../H-x86_64-pc-linux-gnu/nios2-elf/lib/libsmallc.a(lib_a-fvwrite_small_dev.o)
 .debug_aranges
                0x0000000000000320       0x18 /opt/altera/16.0/nios2eds/bin/gnu/H-x86_64-pc-linux-gnu/bin/../lib/gcc/nios2-elf/5.2.0/../../../../../H-x86_64-pc-linux-gnu/nios2-elf/lib/libsmallc.a(lib_a-impure.o)
 .debug_aranges
                0x0000000000000338       0x18 /opt/altera/16.0/nios2eds/bin/gnu/H-x86_64-pc-linux-gnu/bin/../lib/gcc/nios2-elf/5.2.0/../../../../../H-x86_64-pc-linux-gnu/nios2-elf/lib/libsmallc.a(lib_a-int_errno.o)
 .debug_aranges
                0x0000000000000350       0x20 /opt/altera/16.0/nios2eds/bin/gnu/H-x86_64-pc-linux-gnu/bin/../lib/gcc/nios2-elf/5.2.0/../../../../../H-x86_64-pc-linux-gnu/nios2-elf/lib/libsmallc.a(lib_a-strlen.o)
 .debug_aranges
                0x0000000000000370       0x20 /opt/altera/16.0/nios2eds/bin/gnu/H-x86_64-pc-linux-gnu/bin/../lib/gcc/nios2-elf/5.2.0/../../../../../H-x86_64-pc-linux-gnu/nios2-elf/lib/libsmallc.a(lib_a-writer.o)
 .debug_aranges
                0x0000000000000390       0x20 /opt/altera/16.0/nios2eds/bin/gnu/H-x86_64-pc-linux-gnu/bin/../lib/gcc/nios2-elf/5.2.0/libgcc.a(lib2-divmod.o)
 .debug_aranges
                0x00000000000003b0       0x20 ../bsp/libhal_bsp.a(alt_load.o)
 .debug_aranges
                0x00000000000003d0       0x20 ../bsp/libhal_bsp.a(alt_main.o)
 .debug_aranges
                0x00000000000003f0       0x20 ../bsp/libhal_bsp.a(alt_sbrk.o)
 .debug_aranges
                0x0000000000000410       0x20 ../bsp/libhal_bsp.a(alt_write.o)
 .debug_aranges
                0x0000000000000430       0x20 ../bsp/libhal_bsp.a(alt_sys_init.o)
 .debug_aranges
                0x0000000000000450       0x20 ../bsp/libhal_bsp.a(altera_avalon_jtag_uart_fd.o)
 .debug_aranges
                0x0000000000000470       0x20 ../bsp/libhal_bsp.a(altera_avalon_jtag_uart_read.o)
 .debug_aranges
                0x0000000000000490       0x20 ../bsp/libhal_bsp.a(altera_avalon_jtag_uart_write.o)
 .debug_aranges
                0x00000000000004b0       0x20 ../bsp/libhal_bsp.a(altera_avalon_timer_ts.o)
 .debug_aranges
                0x00000000000004d0       0x18 ../bsp/libhal_bsp.a(altera_avalon_timer_vars.o)
 .debug_aranges
                0x00000000000004e8       0x20 ../bsp/libhal_bsp.a(alt_close.o)
 .debug_aranges
                0x0000000000000508       0x20 ../bsp/libhal_bsp.a(alt_dcache_flush_all.o)
 .debug_aranges
                0x0000000000000528       0x20 ../bsp/libhal_bsp.a(alt_dev.o)
 .debug_aranges
                0x0000000000000548       0x20 ../bsp/libhal_bsp.a(alt_dev_llist_insert.o)
 .debug_aranges
                0x0000000000000568       0x20 ../bsp/libhal_bsp.a(alt_do_ctors.o)
 .debug_aranges
                0x0000000000000588       0x20 ../bsp/libhal_bsp.a(alt_do_dtors.o)
 .debug_aranges
                0x00000000000005a8       0x18 ../bsp/libhal_bsp.a(alt_errno.o)
 .debug_aranges
                0x00000000000005c0       0x20 ../bsp/libhal_bsp.a(alt_icache_flush_all.o)
 .debug_aranges
                0x00000000000005e0       0x20 ../bsp/libhal_bsp.a(alt_io_redirect.o)
 .debug_aranges
                0x0000000000000600       0x20 ../bsp/libhal_bsp.a(alt_open.o)
 .debug_aranges
                0x0000000000000620       0x20 ../bsp/libhal_bsp.a(alt_release_fd.o)
 .debug_aranges
                0x0000000000000640       0x20 ../bsp/libhal_bsp.a(altera_nios2_gen2_irq.o)
 .debug_aranges
                0x0000000000000660       0x20 ../bsp/libhal_bsp.a(alt_find_dev.o)
 .debug_aranges
                0x0000000000000680       0x20 ../bsp/libhal_bsp.a(alt_find_file.o)
 .debug_aranges
                0x00000000000006a0       0x20 ../bsp/libhal_bsp.a(alt_get_fd.o)
 .debug_aranges
                0x00000000000006c0       0x20 ../bsp/libhal_bsp.a(alt_icache_flush.o)
 .debug_aranges
                0x00000000000006e0       0x20 /opt/altera/16.0/nios2eds/bin/gnu/H-x86_64-pc-linux-gnu/bin/../lib/gcc/nios2-elf/5.2.0/../../../../../H-x86_64-pc-linux-gnu/nios2-elf/lib/libsmallc.a(lib_a-atexit.o)
 .debug_aranges
                0x0000000000000700       0x20 /opt/altera/16.0/nios2eds/bin/gnu/H-x86_64-pc-linux-gnu/bin/../lib/gcc/nios2-elf/5.2.0/../../../../../H-x86_64-pc-linux-gnu/nios2-elf/lib/libsmallc.a(lib_a-exit.o)
 .debug_aranges
                0x0000000000000720       0x20 /opt/altera/16.0/nios2eds/bin/gnu/H-x86_64-pc-linux-gnu/bin/../lib/gcc/nios2-elf/5.2.0/../../../../../H-x86_64-pc-linux-gnu/nios2-elf/lib/libsmallc.a(lib_a-memcmp.o)
 .debug_aranges
                0x0000000000000740       0x20 /opt/altera/16.0/nios2eds/bin/gnu/H-x86_64-pc-linux-gnu/bin/../lib/gcc/nios2-elf/5.2.0/../../../../../H-x86_64-pc-linux-gnu/nios2-elf/lib/libsmallc.a(lib_a-__atexit.o)
 .debug_aranges
                0x0000000000000760       0x20 /opt/altera/16.0/nios2eds/bin/gnu/H-x86_64-pc-linux-gnu/bin/../lib/gcc/nios2-elf/5.2.0/../../../../../H-x86_64-pc-linux-gnu/nios2-elf/lib/libsmallc.a(lib_a-__call_atexit.o)
 .debug_aranges
                0x0000000000000780       0x20 ../bsp/libhal_bsp.a(alt_exit.o)

.debug_pubnames
 *(.debug_pubnames)

.debug_info     0x0000000000000000     0xd945
 *(.debug_info .gnu.linkonce.wi.*)
 .debug_info    0x0000000000000000       0x78 ../bsp/obj/HAL/src/crt0.o
 .debug_info    0x0000000000000078      0x1d5 obj/default/display.o
 .debug_info    0x000000000000024d      0x760 obj/default/fix16.o
 .debug_info    0x00000000000009ad      0x560 obj/default/fix16_exp.o
 .debug_info    0x0000000000000f0d      0x1ee obj/default/fix16_sqrt.o
 .debug_info    0x00000000000010fb      0x3cc obj/default/fix16_str.o
 .debug_info    0x00000000000014c7      0x7cd obj/default/fix16_trig.o
 .debug_info    0x0000000000001c94      0x1b7 obj/default/fract32.o
 .debug_info    0x0000000000001e4b       0xb6 obj/default/uint32.o
 .debug_info    0x0000000000001f01      0x5f7 obj/default/main.o
 .debug_info    0x00000000000024f8     0x17e6 obj/default/sw_renderer.o
 .debug_info    0x0000000000003cde      0x31b obj/default/testdata.o
 .debug_info    0x0000000000003ff9      0x1eb /opt/altera/16.0/nios2eds/bin/gnu/H-x86_64-pc-linux-gnu/bin/../lib/gcc/nios2-elf/5.2.0/libgcc.a(_muldi3.o)
 .debug_info    0x00000000000041e4      0x124 /opt/altera/16.0/nios2eds/bin/gnu/H-x86_64-pc-linux-gnu/bin/../lib/gcc/nios2-elf/5.2.0/libgcc.a(_clzsi2.o)
 .debug_info    0x0000000000004308       0xb2 /opt/altera/16.0/nios2eds/bin/gnu/H-x86_64-pc-linux-gnu/bin/../lib/gcc/nios2-elf/5.2.0/libgcc.a(_clz.o)
 .debug_info    0x00000000000043ba       0x96 /opt/altera/16.0/nios2eds/bin/gnu/H-x86_64-pc-linux-gnu/bin/../lib/gcc/nios2-elf/5.2.0/../../../../../H-x86_64-pc-linux-gnu/nios2-elf/lib/libsmallc.a(lib_a-ctype_.o)
 .debug_info    0x0000000000004450      0x619 /opt/altera/16.0/nios2eds/bin/gnu/H-x86_64-pc-linux-gnu/bin/../lib/gcc/nios2-elf/5.2.0/../../../../../H-x86_64-pc-linux-gnu/nios2-elf/lib/libsmallc.a(lib_a-malloc.o)
 .debug_info    0x0000000000004a69      0x68c /opt/altera/16.0/nios2eds/bin/gnu/H-x86_64-pc-linux-gnu/bin/../lib/gcc/nios2-elf/5.2.0/../../../../../H-x86_64-pc-linux-gnu/nios2-elf/lib/libsmallc.a(lib_a-nano-freer.o)
 .debug_info    0x00000000000050f5      0x752 /opt/altera/16.0/nios2eds/bin/gnu/H-x86_64-pc-linux-gnu/bin/../lib/gcc/nios2-elf/5.2.0/../../../../../H-x86_64-pc-linux-gnu/nios2-elf/lib/libsmallc.a(lib_a-nano-mallocr.o)
 .debug_info    0x0000000000005847      0x699 /opt/altera/16.0/nios2eds/bin/gnu/H-x86_64-pc-linux-gnu/bin/../lib/gcc/nios2-elf/5.2.0/../../../../../H-x86_64-pc-linux-gnu/nios2-elf/lib/libsmallc.a(lib_a-printf.o)
 .debug_info    0x0000000000005ee0      0x5ec /opt/altera/16.0/nios2eds/bin/gnu/H-x86_64-pc-linux-gnu/bin/../lib/gcc/nios2-elf/5.2.0/../../../../../H-x86_64-pc-linux-gnu/nios2-elf/lib/libsmallc.a(lib_a-rand.o)
 .debug_info    0x00000000000064cc      0x608 /opt/altera/16.0/nios2eds/bin/gnu/H-x86_64-pc-linux-gnu/bin/../lib/gcc/nios2-elf/5.2.0/../../../../../H-x86_64-pc-linux-gnu/nios2-elf/lib/libsmallc.a(lib_a-sbrkr.o)
 .debug_info    0x0000000000006ad4      0xb2b /opt/altera/16.0/nios2eds/bin/gnu/H-x86_64-pc-linux-gnu/bin/../lib/gcc/nios2-elf/5.2.0/../../../../../H-x86_64-pc-linux-gnu/nios2-elf/lib/libsmallc.a(lib_a-vfprintf.o)
 .debug_info    0x00000000000075ff      0x62b /opt/altera/16.0/nios2eds/bin/gnu/H-x86_64-pc-linux-gnu/bin/../lib/gcc/nios2-elf/5.2.0/../../../../../H-x86_64-pc-linux-gnu/nios2-elf/lib/libsmallc.a(lib_a-fvwrite_small_dev.o)
 .debug_info    0x0000000000007c2a      0x5a9 /opt/altera/16.0/nios2eds/bin/gnu/H-x86_64-pc-linux-gnu/bin/../lib/gcc/nios2-elf/5.2.0/../../../../../H-x86_64-pc-linux-gnu/nios2-elf/lib/libsmallc.a(lib_a-impure.o)
 .debug_info    0x00000000000081d3       0x8a /opt/altera/16.0/nios2eds/bin/gnu/H-x86_64-pc-linux-gnu/bin/../lib/gcc/nios2-elf/5.2.0/../../../../../H-x86_64-pc-linux-gnu/nios2-elf/lib/libsmallc.a(lib_a-int_errno.o)
 .debug_info    0x000000000000825d       0xc9 /opt/altera/16.0/nios2eds/bin/gnu/H-x86_64-pc-linux-gnu/bin/../lib/gcc/nios2-elf/5.2.0/../../../../../H-x86_64-pc-linux-gnu/nios2-elf/lib/libsmallc.a(lib_a-strlen.o)
 .debug_info    0x0000000000008326      0x630 /opt/altera/16.0/nios2eds/bin/gnu/H-x86_64-pc-linux-gnu/bin/../lib/gcc/nios2-elf/5.2.0/../../../../../H-x86_64-pc-linux-gnu/nios2-elf/lib/libsmallc.a(lib_a-writer.o)
 .debug_info    0x0000000000008956      0x2c3 /opt/altera/16.0/nios2eds/bin/gnu/H-x86_64-pc-linux-gnu/bin/../lib/gcc/nios2-elf/5.2.0/libgcc.a(lib2-divmod.o)
 .debug_info    0x0000000000008c19      0x1c9 ../bsp/libhal_bsp.a(alt_load.o)
 .debug_info    0x0000000000008de2      0x20d ../bsp/libhal_bsp.a(alt_main.o)
 .debug_info    0x0000000000008fef      0x1ac ../bsp/libhal_bsp.a(alt_sbrk.o)
 .debug_info    0x000000000000919b      0x4f4 ../bsp/libhal_bsp.a(alt_write.o)
 .debug_info    0x000000000000968f      0x432 ../bsp/libhal_bsp.a(alt_sys_init.o)
 .debug_info    0x0000000000009ac1      0x3f5 ../bsp/libhal_bsp.a(altera_avalon_jtag_uart_fd.o)
 .debug_info    0x0000000000009eb6      0x1b4 ../bsp/libhal_bsp.a(altera_avalon_jtag_uart_read.o)
 .debug_info    0x000000000000a06a      0x197 ../bsp/libhal_bsp.a(altera_avalon_jtag_uart_write.o)
 .debug_info    0x000000000000a201      0x1ac ../bsp/libhal_bsp.a(altera_avalon_timer_ts.o)
 .debug_info    0x000000000000a3ad       0xe9 ../bsp/libhal_bsp.a(altera_avalon_timer_vars.o)
 .debug_info    0x000000000000a496      0x361 ../bsp/libhal_bsp.a(alt_close.o)
 .debug_info    0x000000000000a7f7       0xa6 ../bsp/libhal_bsp.a(alt_dcache_flush_all.o)
 .debug_info    0x000000000000a89d      0x499 ../bsp/libhal_bsp.a(alt_dev.o)
 .debug_info    0x000000000000ad36      0x1b7 ../bsp/libhal_bsp.a(alt_dev_llist_insert.o)
 .debug_info    0x000000000000aeed       0x84 ../bsp/libhal_bsp.a(alt_do_ctors.o)
 .debug_info    0x000000000000af71       0x84 ../bsp/libhal_bsp.a(alt_do_dtors.o)
 .debug_info    0x000000000000aff5       0xa6 ../bsp/libhal_bsp.a(alt_errno.o)
 .debug_info    0x000000000000b09b       0xb8 ../bsp/libhal_bsp.a(alt_icache_flush_all.o)
 .debug_info    0x000000000000b153      0x567 ../bsp/libhal_bsp.a(alt_io_redirect.o)
 .debug_info    0x000000000000b6ba      0x48e ../bsp/libhal_bsp.a(alt_open.o)
 .debug_info    0x000000000000bb48      0x2b1 ../bsp/libhal_bsp.a(alt_release_fd.o)
 .debug_info    0x000000000000bdf9       0x92 ../bsp/libhal_bsp.a(altera_nios2_gen2_irq.o)
 .debug_info    0x000000000000be8b      0x32d ../bsp/libhal_bsp.a(alt_find_dev.o)
 .debug_info    0x000000000000c1b8      0x318 ../bsp/libhal_bsp.a(alt_find_file.o)
 .debug_info    0x000000000000c4d0      0x311 ../bsp/libhal_bsp.a(alt_get_fd.o)
 .debug_info    0x000000000000c7e1       0xde ../bsp/libhal_bsp.a(alt_icache_flush.o)
 .debug_info    0x000000000000c8bf       0xfe /opt/altera/16.0/nios2eds/bin/gnu/H-x86_64-pc-linux-gnu/bin/../lib/gcc/nios2-elf/5.2.0/../../../../../H-x86_64-pc-linux-gnu/nios2-elf/lib/libsmallc.a(lib_a-atexit.o)
 .debug_info    0x000000000000c9bd       0xe5 /opt/altera/16.0/nios2eds/bin/gnu/H-x86_64-pc-linux-gnu/bin/../lib/gcc/nios2-elf/5.2.0/../../../../../H-x86_64-pc-linux-gnu/nios2-elf/lib/libsmallc.a(lib_a-exit.o)
 .debug_info    0x000000000000caa2       0xf4 /opt/altera/16.0/nios2eds/bin/gnu/H-x86_64-pc-linux-gnu/bin/../lib/gcc/nios2-elf/5.2.0/../../../../../H-x86_64-pc-linux-gnu/nios2-elf/lib/libsmallc.a(lib_a-memcmp.o)
 .debug_info    0x000000000000cb96      0x64a /opt/altera/16.0/nios2eds/bin/gnu/H-x86_64-pc-linux-gnu/bin/../lib/gcc/nios2-elf/5.2.0/../../../../../H-x86_64-pc-linux-gnu/nios2-elf/lib/libsmallc.a(lib_a-__atexit.o)
 .debug_info    0x000000000000d1e0      0x67b /opt/altera/16.0/nios2eds/bin/gnu/H-x86_64-pc-linux-gnu/bin/../lib/gcc/nios2-elf/5.2.0/../../../../../H-x86_64-pc-linux-gnu/nios2-elf/lib/libsmallc.a(lib_a-__call_atexit.o)
 .debug_info    0x000000000000d85b       0xea ../bsp/libhal_bsp.a(alt_exit.o)

.debug_abbrev   0x0000000000000000     0x4560
 *(.debug_abbrev)
 .debug_abbrev  0x0000000000000000       0x12 ../bsp/obj/HAL/src/crt0.o
 .debug_abbrev  0x0000000000000012       0xd5 obj/default/display.o
 .debug_abbrev  0x00000000000000e7      0x215 obj/default/fix16.o
 .debug_abbrev  0x00000000000002fc      0x20e obj/default/fix16_exp.o
 .debug_abbrev  0x000000000000050a       0xc3 obj/default/fix16_sqrt.o
 .debug_abbrev  0x00000000000005cd      0x1ae obj/default/fix16_str.o
 .debug_abbrev  0x000000000000077b      0x1d7 obj/default/fix16_trig.o
 .debug_abbrev  0x0000000000000952       0xd7 obj/default/fract32.o
 .debug_abbrev  0x0000000000000a29       0x6f obj/default/uint32.o
 .debug_abbrev  0x0000000000000a98      0x211 obj/default/main.o
 .debug_abbrev  0x0000000000000ca9      0x268 obj/default/sw_renderer.o
 .debug_abbrev  0x0000000000000f11      0x147 obj/default/testdata.o
 .debug_abbrev  0x0000000000001058       0xef /opt/altera/16.0/nios2eds/bin/gnu/H-x86_64-pc-linux-gnu/bin/../lib/gcc/nios2-elf/5.2.0/libgcc.a(_muldi3.o)
 .debug_abbrev  0x0000000000001147       0xbe /opt/altera/16.0/nios2eds/bin/gnu/H-x86_64-pc-linux-gnu/bin/../lib/gcc/nios2-elf/5.2.0/libgcc.a(_clzsi2.o)
 .debug_abbrev  0x0000000000001205       0x5d /opt/altera/16.0/nios2eds/bin/gnu/H-x86_64-pc-linux-gnu/bin/../lib/gcc/nios2-elf/5.2.0/libgcc.a(_clz.o)
 .debug_abbrev  0x0000000000001262       0x5d /opt/altera/16.0/nios2eds/bin/gnu/H-x86_64-pc-linux-gnu/bin/../lib/gcc/nios2-elf/5.2.0/../../../../../H-x86_64-pc-linux-gnu/nios2-elf/lib/libsmallc.a(lib_a-ctype_.o)
 .debug_abbrev  0x00000000000012bf      0x1af /opt/altera/16.0/nios2eds/bin/gnu/H-x86_64-pc-linux-gnu/bin/../lib/gcc/nios2-elf/5.2.0/../../../../../H-x86_64-pc-linux-gnu/nios2-elf/lib/libsmallc.a(lib_a-malloc.o)
 .debug_abbrev  0x000000000000146e      0x1dd /opt/altera/16.0/nios2eds/bin/gnu/H-x86_64-pc-linux-gnu/bin/../lib/gcc/nios2-elf/5.2.0/../../../../../H-x86_64-pc-linux-gnu/nios2-elf/lib/libsmallc.a(lib_a-nano-freer.o)
 .debug_abbrev  0x000000000000164b      0x269 /opt/altera/16.0/nios2eds/bin/gnu/H-x86_64-pc-linux-gnu/bin/../lib/gcc/nios2-elf/5.2.0/../../../../../H-x86_64-pc-linux-gnu/nios2-elf/lib/libsmallc.a(lib_a-nano-mallocr.o)
 .debug_abbrev  0x00000000000018b4      0x1ee /opt/altera/16.0/nios2eds/bin/gnu/H-x86_64-pc-linux-gnu/bin/../lib/gcc/nios2-elf/5.2.0/../../../../../H-x86_64-pc-linux-gnu/nios2-elf/lib/libsmallc.a(lib_a-printf.o)
 .debug_abbrev  0x0000000000001aa2      0x1a0 /opt/altera/16.0/nios2eds/bin/gnu/H-x86_64-pc-linux-gnu/bin/../lib/gcc/nios2-elf/5.2.0/../../../../../H-x86_64-pc-linux-gnu/nios2-elf/lib/libsmallc.a(lib_a-rand.o)
 .debug_abbrev  0x0000000000001c42      0x1c5 /opt/altera/16.0/nios2eds/bin/gnu/H-x86_64-pc-linux-gnu/bin/../lib/gcc/nios2-elf/5.2.0/../../../../../H-x86_64-pc-linux-gnu/nios2-elf/lib/libsmallc.a(lib_a-sbrkr.o)
 .debug_abbrev  0x0000000000001e07      0x2a1 /opt/altera/16.0/nios2eds/bin/gnu/H-x86_64-pc-linux-gnu/bin/../lib/gcc/nios2-elf/5.2.0/../../../../../H-x86_64-pc-linux-gnu/nios2-elf/lib/libsmallc.a(lib_a-vfprintf.o)
 .debug_abbrev  0x00000000000020a8      0x1bc /opt/altera/16.0/nios2eds/bin/gnu/H-x86_64-pc-linux-gnu/bin/../lib/gcc/nios2-elf/5.2.0/../../../../../H-x86_64-pc-linux-gnu/nios2-elf/lib/libsmallc.a(lib_a-fvwrite_small_dev.o)
 .debug_abbrev  0x0000000000002264      0x14a /opt/altera/16.0/nios2eds/bin/gnu/H-x86_64-pc-linux-gnu/bin/../lib/gcc/nios2-elf/5.2.0/../../../../../H-x86_64-pc-linux-gnu/nios2-elf/lib/libsmallc.a(lib_a-impure.o)
 .debug_abbrev  0x00000000000023ae       0x37 /opt/altera/16.0/nios2eds/bin/gnu/H-x86_64-pc-linux-gnu/bin/../lib/gcc/nios2-elf/5.2.0/../../../../../H-x86_64-pc-linux-gnu/nios2-elf/lib/libsmallc.a(lib_a-int_errno.o)
 .debug_abbrev  0x00000000000023e5       0x7f /opt/altera/16.0/nios2eds/bin/gnu/H-x86_64-pc-linux-gnu/bin/../lib/gcc/nios2-elf/5.2.0/../../../../../H-x86_64-pc-linux-gnu/nios2-elf/lib/libsmallc.a(lib_a-strlen.o)
 .debug_abbrev  0x0000000000002464      0x1a6 /opt/altera/16.0/nios2eds/bin/gnu/H-x86_64-pc-linux-gnu/bin/../lib/gcc/nios2-elf/5.2.0/../../../../../H-x86_64-pc-linux-gnu/nios2-elf/lib/libsmallc.a(lib_a-writer.o)
 .debug_abbrev  0x000000000000260a      0x10e /opt/altera/16.0/nios2eds/bin/gnu/H-x86_64-pc-linux-gnu/bin/../lib/gcc/nios2-elf/5.2.0/libgcc.a(lib2-divmod.o)
 .debug_abbrev  0x0000000000002718       0xe9 ../bsp/libhal_bsp.a(alt_load.o)
 .debug_abbrev  0x0000000000002801       0xfd ../bsp/libhal_bsp.a(alt_main.o)
 .debug_abbrev  0x00000000000028fe      0x12a ../bsp/libhal_bsp.a(alt_sbrk.o)
 .debug_abbrev  0x0000000000002a28      0x150 ../bsp/libhal_bsp.a(alt_write.o)
 .debug_abbrev  0x0000000000002b78      0x194 ../bsp/libhal_bsp.a(alt_sys_init.o)
 .debug_abbrev  0x0000000000002d0c      0x122 ../bsp/libhal_bsp.a(altera_avalon_jtag_uart_fd.o)
 .debug_abbrev  0x0000000000002e2e      0x102 ../bsp/libhal_bsp.a(altera_avalon_jtag_uart_read.o)
 .debug_abbrev  0x0000000000002f30       0xd5 ../bsp/libhal_bsp.a(altera_avalon_jtag_uart_write.o)
 .debug_abbrev  0x0000000000003005       0xe0 ../bsp/libhal_bsp.a(altera_avalon_timer_ts.o)
 .debug_abbrev  0x00000000000030e5       0x83 ../bsp/libhal_bsp.a(altera_avalon_timer_vars.o)
 .debug_abbrev  0x0000000000003168      0x15c ../bsp/libhal_bsp.a(alt_close.o)
 .debug_abbrev  0x00000000000032c4       0x5a ../bsp/libhal_bsp.a(alt_dcache_flush_all.o)
 .debug_abbrev  0x000000000000331e       0xd9 ../bsp/libhal_bsp.a(alt_dev.o)
 .debug_abbrev  0x00000000000033f7      0x11e ../bsp/libhal_bsp.a(alt_dev_llist_insert.o)
 .debug_abbrev  0x0000000000003515       0x79 ../bsp/libhal_bsp.a(alt_do_ctors.o)
 .debug_abbrev  0x000000000000358e       0x79 ../bsp/libhal_bsp.a(alt_do_dtors.o)
 .debug_abbrev  0x0000000000003607       0x5a ../bsp/libhal_bsp.a(alt_errno.o)
 .debug_abbrev  0x0000000000003661       0x6f ../bsp/libhal_bsp.a(alt_icache_flush_all.o)
 .debug_abbrev  0x00000000000036d0      0x189 ../bsp/libhal_bsp.a(alt_io_redirect.o)
 .debug_abbrev  0x0000000000003859      0x1be ../bsp/libhal_bsp.a(alt_open.o)
 .debug_abbrev  0x0000000000003a17       0xde ../bsp/libhal_bsp.a(alt_release_fd.o)
 .debug_abbrev  0x0000000000003af5       0x42 ../bsp/libhal_bsp.a(altera_nios2_gen2_irq.o)
 .debug_abbrev  0x0000000000003b37      0x125 ../bsp/libhal_bsp.a(alt_find_dev.o)
 .debug_abbrev  0x0000000000003c5c      0x123 ../bsp/libhal_bsp.a(alt_find_file.o)
 .debug_abbrev  0x0000000000003d7f      0x10d ../bsp/libhal_bsp.a(alt_get_fd.o)
 .debug_abbrev  0x0000000000003e8c       0x9b ../bsp/libhal_bsp.a(alt_icache_flush.o)
 .debug_abbrev  0x0000000000003f27       0xaa /opt/altera/16.0/nios2eds/bin/gnu/H-x86_64-pc-linux-gnu/bin/../lib/gcc/nios2-elf/5.2.0/../../../../../H-x86_64-pc-linux-gnu/nios2-elf/lib/libsmallc.a(lib_a-atexit.o)
 .debug_abbrev  0x0000000000003fd1       0x8b /opt/altera/16.0/nios2eds/bin/gnu/H-x86_64-pc-linux-gnu/bin/../lib/gcc/nios2-elf/5.2.0/../../../../../H-x86_64-pc-linux-gnu/nios2-elf/lib/libsmallc.a(lib_a-exit.o)
 .debug_abbrev  0x000000000000405c       0x7f /opt/altera/16.0/nios2eds/bin/gnu/H-x86_64-pc-linux-gnu/bin/../lib/gcc/nios2-elf/5.2.0/../../../../../H-x86_64-pc-linux-gnu/nios2-elf/lib/libsmallc.a(lib_a-memcmp.o)
 .debug_abbrev  0x00000000000040db      0x1e6 /opt/altera/16.0/nios2eds/bin/gnu/H-x86_64-pc-linux-gnu/bin/../lib/gcc/nios2-elf/5.2.0/../../../../../H-x86_64-pc-linux-gnu/nios2-elf/lib/libsmallc.a(lib_a-__atexit.o)
 .debug_abbrev  0x00000000000042c1      0x1f6 /opt/altera/16.0/nios2eds/bin/gnu/H-x86_64-pc-linux-gnu/bin/../lib/gcc/nios2-elf/5.2.0/../../../../../H-x86_64-pc-linux-gnu/nios2-elf/lib/libsmallc.a(lib_a-__call_atexit.o)
 .debug_abbrev  0x00000000000044b7       0xa9 ../bsp/libhal_bsp.a(alt_exit.o)

.debug_line     0x0000000000000000     0x4cf6
 *(.debug_line)
 .debug_line    0x0000000000000000       0x72 ../bsp/obj/HAL/src/crt0.o
 .debug_line    0x0000000000000072      0x14a obj/default/display.o
 .debug_line    0x00000000000001bc      0x1f7 obj/default/fix16.o
 .debug_line    0x00000000000003b3      0x1ec obj/default/fix16_exp.o
 .debug_line    0x000000000000059f      0x17e obj/default/fix16_sqrt.o
 .debug_line    0x000000000000071d      0x1d3 obj/default/fix16_str.o
 .debug_line    0x00000000000008f0      0x1f1 obj/default/fix16_trig.o
 .debug_line    0x0000000000000ae1      0x126 obj/default/fract32.o
 .debug_line    0x0000000000000c07      0x12e obj/default/uint32.o
 .debug_line    0x0000000000000d35      0x220 obj/default/main.o
 .debug_line    0x0000000000000f55      0x478 obj/default/sw_renderer.o
 .debug_line    0x00000000000013cd      0x159 obj/default/testdata.o
 .debug_line    0x0000000000001526       0x86 /opt/altera/16.0/nios2eds/bin/gnu/H-x86_64-pc-linux-gnu/bin/../lib/gcc/nios2-elf/5.2.0/libgcc.a(_muldi3.o)
 .debug_line    0x00000000000015ac       0xb7 /opt/altera/16.0/nios2eds/bin/gnu/H-x86_64-pc-linux-gnu/bin/../lib/gcc/nios2-elf/5.2.0/libgcc.a(_clzsi2.o)
 .debug_line    0x0000000000001663       0x53 /opt/altera/16.0/nios2eds/bin/gnu/H-x86_64-pc-linux-gnu/bin/../lib/gcc/nios2-elf/5.2.0/libgcc.a(_clz.o)
 .debug_line    0x00000000000016b6       0xc4 /opt/altera/16.0/nios2eds/bin/gnu/H-x86_64-pc-linux-gnu/bin/../lib/gcc/nios2-elf/5.2.0/../../../../../H-x86_64-pc-linux-gnu/nios2-elf/lib/libsmallc.a(lib_a-ctype_.o)
 .debug_line    0x000000000000177a      0x1e6 /opt/altera/16.0/nios2eds/bin/gnu/H-x86_64-pc-linux-gnu/bin/../lib/gcc/nios2-elf/5.2.0/../../../../../H-x86_64-pc-linux-gnu/nios2-elf/lib/libsmallc.a(lib_a-malloc.o)
 .debug_line    0x0000000000001960      0x19f /opt/altera/16.0/nios2eds/bin/gnu/H-x86_64-pc-linux-gnu/bin/../lib/gcc/nios2-elf/5.2.0/../../../../../H-x86_64-pc-linux-gnu/nios2-elf/lib/libsmallc.a(lib_a-nano-freer.o)
 .debug_line    0x0000000000001aff      0x222 /opt/altera/16.0/nios2eds/bin/gnu/H-x86_64-pc-linux-gnu/bin/../lib/gcc/nios2-elf/5.2.0/../../../../../H-x86_64-pc-linux-gnu/nios2-elf/lib/libsmallc.a(lib_a-nano-mallocr.o)
 .debug_line    0x0000000000001d21      0x200 /opt/altera/16.0/nios2eds/bin/gnu/H-x86_64-pc-linux-gnu/bin/../lib/gcc/nios2-elf/5.2.0/../../../../../H-x86_64-pc-linux-gnu/nios2-elf/lib/libsmallc.a(lib_a-printf.o)
 .debug_line    0x0000000000001f21      0x1e8 /opt/altera/16.0/nios2eds/bin/gnu/H-x86_64-pc-linux-gnu/bin/../lib/gcc/nios2-elf/5.2.0/../../../../../H-x86_64-pc-linux-gnu/nios2-elf/lib/libsmallc.a(lib_a-rand.o)
 .debug_line    0x0000000000002109      0x1dd /opt/altera/16.0/nios2eds/bin/gnu/H-x86_64-pc-linux-gnu/bin/../lib/gcc/nios2-elf/5.2.0/../../../../../H-x86_64-pc-linux-gnu/nios2-elf/lib/libsmallc.a(lib_a-sbrkr.o)
 .debug_line    0x00000000000022e6      0x34f /opt/altera/16.0/nios2eds/bin/gnu/H-x86_64-pc-linux-gnu/bin/../lib/gcc/nios2-elf/5.2.0/../../../../../H-x86_64-pc-linux-gnu/nios2-elf/lib/libsmallc.a(lib_a-vfprintf.o)
 .debug_line    0x0000000000002635      0x1ed /opt/altera/16.0/nios2eds/bin/gnu/H-x86_64-pc-linux-gnu/bin/../lib/gcc/nios2-elf/5.2.0/../../../../../H-x86_64-pc-linux-gnu/nios2-elf/lib/libsmallc.a(lib_a-fvwrite_small_dev.o)
 .debug_line    0x0000000000002822      0x153 /opt/altera/16.0/nios2eds/bin/gnu/H-x86_64-pc-linux-gnu/bin/../lib/gcc/nios2-elf/5.2.0/../../../../../H-x86_64-pc-linux-gnu/nios2-elf/lib/libsmallc.a(lib_a-impure.o)
 .debug_line    0x0000000000002975       0x5c /opt/altera/16.0/nios2eds/bin/gnu/H-x86_64-pc-linux-gnu/bin/../lib/gcc/nios2-elf/5.2.0/../../../../../H-x86_64-pc-linux-gnu/nios2-elf/lib/libsmallc.a(lib_a-int_errno.o)
 .debug_line    0x00000000000029d1      0x159 /opt/altera/16.0/nios2eds/bin/gnu/H-x86_64-pc-linux-gnu/bin/../lib/gcc/nios2-elf/5.2.0/../../../../../H-x86_64-pc-linux-gnu/nios2-elf/lib/libsmallc.a(lib_a-strlen.o)
 .debug_line    0x0000000000002b2a      0x1ea /opt/altera/16.0/nios2eds/bin/gnu/H-x86_64-pc-linux-gnu/bin/../lib/gcc/nios2-elf/5.2.0/../../../../../H-x86_64-pc-linux-gnu/nios2-elf/lib/libsmallc.a(lib_a-writer.o)
 .debug_line    0x0000000000002d14      0x102 /opt/altera/16.0/nios2eds/bin/gnu/H-x86_64-pc-linux-gnu/bin/../lib/gcc/nios2-elf/5.2.0/libgcc.a(lib2-divmod.o)
 .debug_line    0x0000000000002e16       0xb2 ../bsp/libhal_bsp.a(alt_load.o)
 .debug_line    0x0000000000002ec8      0x177 ../bsp/libhal_bsp.a(alt_main.o)
 .debug_line    0x000000000000303f       0xf0 ../bsp/libhal_bsp.a(alt_sbrk.o)
 .debug_line    0x000000000000312f      0x1d6 ../bsp/libhal_bsp.a(alt_write.o)
 .debug_line    0x0000000000003305      0x168 ../bsp/libhal_bsp.a(alt_sys_init.o)
 .debug_line    0x000000000000346d      0x10b ../bsp/libhal_bsp.a(altera_avalon_jtag_uart_fd.o)
 .debug_line    0x0000000000003578       0xfa ../bsp/libhal_bsp.a(altera_avalon_jtag_uart_read.o)
 .debug_line    0x0000000000003672       0xef ../bsp/libhal_bsp.a(altera_avalon_jtag_uart_write.o)
 .debug_line    0x0000000000003761       0xe8 ../bsp/libhal_bsp.a(altera_avalon_timer_ts.o)
 .debug_line    0x0000000000003849       0x8a ../bsp/libhal_bsp.a(altera_avalon_timer_vars.o)
 .debug_line    0x00000000000038d3      0x163 ../bsp/libhal_bsp.a(alt_close.o)
 .debug_line    0x0000000000003a36       0x5a ../bsp/libhal_bsp.a(alt_dcache_flush_all.o)
 .debug_line    0x0000000000003a90       0xf5 ../bsp/libhal_bsp.a(alt_dev.o)
 .debug_line    0x0000000000003b85       0xe1 ../bsp/libhal_bsp.a(alt_dev_llist_insert.o)
 .debug_line    0x0000000000003c66       0x5f ../bsp/libhal_bsp.a(alt_do_ctors.o)
 .debug_line    0x0000000000003cc5       0x5f ../bsp/libhal_bsp.a(alt_do_dtors.o)
 .debug_line    0x0000000000003d24       0x51 ../bsp/libhal_bsp.a(alt_errno.o)
 .debug_line    0x0000000000003d75       0x6e ../bsp/libhal_bsp.a(alt_icache_flush_all.o)
 .debug_line    0x0000000000003de3      0x14b ../bsp/libhal_bsp.a(alt_io_redirect.o)
 .debug_line    0x0000000000003f2e      0x120 ../bsp/libhal_bsp.a(alt_open.o)
 .debug_line    0x000000000000404e       0xac ../bsp/libhal_bsp.a(alt_release_fd.o)
 .debug_line    0x00000000000040fa       0x50 ../bsp/libhal_bsp.a(altera_nios2_gen2_irq.o)
 .debug_line    0x000000000000414a      0x10e ../bsp/libhal_bsp.a(alt_find_dev.o)
 .debug_line    0x0000000000004258      0x126 ../bsp/libhal_bsp.a(alt_find_file.o)
 .debug_line    0x000000000000437e       0xcd ../bsp/libhal_bsp.a(alt_get_fd.o)
 .debug_line    0x000000000000444b       0x77 ../bsp/libhal_bsp.a(alt_icache_flush.o)
 .debug_line    0x00000000000044c2       0xe4 /opt/altera/16.0/nios2eds/bin/gnu/H-x86_64-pc-linux-gnu/bin/../lib/gcc/nios2-elf/5.2.0/../../../../../H-x86_64-pc-linux-gnu/nios2-elf/lib/libsmallc.a(lib_a-atexit.o)
 .debug_line    0x00000000000045a6      0x156 /opt/altera/16.0/nios2eds/bin/gnu/H-x86_64-pc-linux-gnu/bin/../lib/gcc/nios2-elf/5.2.0/../../../../../H-x86_64-pc-linux-gnu/nios2-elf/lib/libsmallc.a(lib_a-exit.o)
 .debug_line    0x00000000000046fc      0x15d /opt/altera/16.0/nios2eds/bin/gnu/H-x86_64-pc-linux-gnu/bin/../lib/gcc/nios2-elf/5.2.0/../../../../../H-x86_64-pc-linux-gnu/nios2-elf/lib/libsmallc.a(lib_a-memcmp.o)
 .debug_line    0x0000000000004859      0x20a /opt/altera/16.0/nios2eds/bin/gnu/H-x86_64-pc-linux-gnu/bin/../lib/gcc/nios2-elf/5.2.0/../../../../../H-x86_64-pc-linux-gnu/nios2-elf/lib/libsmallc.a(lib_a-__atexit.o)
 .debug_line    0x0000000000004a63      0x22f /opt/altera/16.0/nios2eds/bin/gnu/H-x86_64-pc-linux-gnu/bin/../lib/gcc/nios2-elf/5.2.0/../../../../../H-x86_64-pc-linux-gnu/nios2-elf/lib/libsmallc.a(lib_a-__call_atexit.o)
 .debug_line    0x0000000000004c92       0x64 ../bsp/libhal_bsp.a(alt_exit.o)

.debug_frame    0x0000000000000000      0xeec
 *(.debug_frame)
 .debug_frame   0x0000000000000000       0x60 obj/default/display.o
 .debug_frame   0x0000000000000060      0x13c obj/default/fix16.o
 .debug_frame   0x000000000000019c       0xfc obj/default/fix16_exp.o
 .debug_frame   0x0000000000000298       0x20 obj/default/fix16_sqrt.o
 .debug_frame   0x00000000000002b8       0x70 obj/default/fix16_str.o
 .debug_frame   0x0000000000000328      0x148 obj/default/fix16_trig.o
 .debug_frame   0x0000000000000470       0x70 obj/default/fract32.o
 .debug_frame   0x00000000000004e0       0x20 obj/default/uint32.o
 .debug_frame   0x0000000000000500       0x28 obj/default/main.o
 .debug_frame   0x0000000000000528       0xc8 obj/default/sw_renderer.o
 .debug_frame   0x00000000000005f0       0x38 obj/default/testdata.o
 .debug_frame   0x0000000000000628       0x20 /opt/altera/16.0/nios2eds/bin/gnu/H-x86_64-pc-linux-gnu/bin/../lib/gcc/nios2-elf/5.2.0/libgcc.a(_muldi3.o)
 .debug_frame   0x0000000000000648       0x20 /opt/altera/16.0/nios2eds/bin/gnu/H-x86_64-pc-linux-gnu/bin/../lib/gcc/nios2-elf/5.2.0/libgcc.a(_clzsi2.o)
 .debug_frame   0x0000000000000668       0x30 /opt/altera/16.0/nios2eds/bin/gnu/H-x86_64-pc-linux-gnu/bin/../lib/gcc/nios2-elf/5.2.0/../../../../../H-x86_64-pc-linux-gnu/nios2-elf/lib/libsmallc.a(lib_a-malloc.o)
 .debug_frame   0x0000000000000698       0x20 /opt/altera/16.0/nios2eds/bin/gnu/H-x86_64-pc-linux-gnu/bin/../lib/gcc/nios2-elf/5.2.0/../../../../../H-x86_64-pc-linux-gnu/nios2-elf/lib/libsmallc.a(lib_a-nano-freer.o)
 .debug_frame   0x00000000000006b8       0x40 /opt/altera/16.0/nios2eds/bin/gnu/H-x86_64-pc-linux-gnu/bin/../lib/gcc/nios2-elf/5.2.0/../../../../../H-x86_64-pc-linux-gnu/nios2-elf/lib/libsmallc.a(lib_a-nano-mallocr.o)
 .debug_frame   0x00000000000006f8       0x48 /opt/altera/16.0/nios2eds/bin/gnu/H-x86_64-pc-linux-gnu/bin/../lib/gcc/nios2-elf/5.2.0/../../../../../H-x86_64-pc-linux-gnu/nios2-elf/lib/libsmallc.a(lib_a-printf.o)
 .debug_frame   0x0000000000000740       0x40 /opt/altera/16.0/nios2eds/bin/gnu/H-x86_64-pc-linux-gnu/bin/../lib/gcc/nios2-elf/5.2.0/../../../../../H-x86_64-pc-linux-gnu/nios2-elf/lib/libsmallc.a(lib_a-rand.o)
 .debug_frame   0x0000000000000780       0x38 /opt/altera/16.0/nios2eds/bin/gnu/H-x86_64-pc-linux-gnu/bin/../lib/gcc/nios2-elf/5.2.0/../../../../../H-x86_64-pc-linux-gnu/nios2-elf/lib/libsmallc.a(lib_a-sbrkr.o)
 .debug_frame   0x00000000000007b8       0x8c /opt/altera/16.0/nios2eds/bin/gnu/H-x86_64-pc-linux-gnu/bin/../lib/gcc/nios2-elf/5.2.0/../../../../../H-x86_64-pc-linux-gnu/nios2-elf/lib/libsmallc.a(lib_a-vfprintf.o)
 .debug_frame   0x0000000000000844       0x58 /opt/altera/16.0/nios2eds/bin/gnu/H-x86_64-pc-linux-gnu/bin/../lib/gcc/nios2-elf/5.2.0/../../../../../H-x86_64-pc-linux-gnu/nios2-elf/lib/libsmallc.a(lib_a-fvwrite_small_dev.o)
 .debug_frame   0x000000000000089c       0x20 /opt/altera/16.0/nios2eds/bin/gnu/H-x86_64-pc-linux-gnu/bin/../lib/gcc/nios2-elf/5.2.0/../../../../../H-x86_64-pc-linux-gnu/nios2-elf/lib/libsmallc.a(lib_a-strlen.o)
 .debug_frame   0x00000000000008bc       0x38 /opt/altera/16.0/nios2eds/bin/gnu/H-x86_64-pc-linux-gnu/bin/../lib/gcc/nios2-elf/5.2.0/../../../../../H-x86_64-pc-linux-gnu/nios2-elf/lib/libsmallc.a(lib_a-writer.o)
 .debug_frame   0x00000000000008f4       0x50 /opt/altera/16.0/nios2eds/bin/gnu/H-x86_64-pc-linux-gnu/bin/../lib/gcc/nios2-elf/5.2.0/libgcc.a(lib2-divmod.o)
 .debug_frame   0x0000000000000944       0x2c ../bsp/libhal_bsp.a(alt_load.o)
 .debug_frame   0x0000000000000970       0x28 ../bsp/libhal_bsp.a(alt_main.o)
 .debug_frame   0x0000000000000998       0x20 ../bsp/libhal_bsp.a(alt_sbrk.o)
 .debug_frame   0x00000000000009b8       0x34 ../bsp/libhal_bsp.a(alt_write.o)
 .debug_frame   0x00000000000009ec       0x3c ../bsp/libhal_bsp.a(alt_sys_init.o)
 .debug_frame   0x0000000000000a28       0x30 ../bsp/libhal_bsp.a(altera_avalon_jtag_uart_fd.o)
 .debug_frame   0x0000000000000a58       0x20 ../bsp/libhal_bsp.a(altera_avalon_jtag_uart_read.o)
 .debug_frame   0x0000000000000a78       0x20 ../bsp/libhal_bsp.a(altera_avalon_jtag_uart_write.o)
 .debug_frame   0x0000000000000a98       0x40 ../bsp/libhal_bsp.a(altera_avalon_timer_ts.o)
 .debug_frame   0x0000000000000ad8       0x38 ../bsp/libhal_bsp.a(alt_close.o)
 .debug_frame   0x0000000000000b10       0x20 ../bsp/libhal_bsp.a(alt_dcache_flush_all.o)
 .debug_frame   0x0000000000000b30       0x20 ../bsp/libhal_bsp.a(alt_dev.o)
 .debug_frame   0x0000000000000b50       0x2c ../bsp/libhal_bsp.a(alt_dev_llist_insert.o)
 .debug_frame   0x0000000000000b7c       0x38 ../bsp/libhal_bsp.a(alt_do_ctors.o)
 .debug_frame   0x0000000000000bb4       0x38 ../bsp/libhal_bsp.a(alt_do_dtors.o)
 .debug_frame   0x0000000000000bec       0x20 ../bsp/libhal_bsp.a(alt_icache_flush_all.o)
 .debug_frame   0x0000000000000c0c       0x6c ../bsp/libhal_bsp.a(alt_io_redirect.o)
 .debug_frame   0x0000000000000c78       0x48 ../bsp/libhal_bsp.a(alt_open.o)
 .debug_frame   0x0000000000000cc0       0x20 ../bsp/libhal_bsp.a(alt_release_fd.o)
 .debug_frame   0x0000000000000ce0       0x20 ../bsp/libhal_bsp.a(altera_nios2_gen2_irq.o)
 .debug_frame   0x0000000000000d00       0x40 ../bsp/libhal_bsp.a(alt_find_dev.o)
 .debug_frame   0x0000000000000d40       0x48 ../bsp/libhal_bsp.a(alt_find_file.o)
 .debug_frame   0x0000000000000d88       0x20 ../bsp/libhal_bsp.a(alt_get_fd.o)
 .debug_frame   0x0000000000000da8       0x20 ../bsp/libhal_bsp.a(alt_icache_flush.o)
 .debug_frame   0x0000000000000dc8       0x20 /opt/altera/16.0/nios2eds/bin/gnu/H-x86_64-pc-linux-gnu/bin/../lib/gcc/nios2-elf/5.2.0/../../../../../H-x86_64-pc-linux-gnu/nios2-elf/lib/libsmallc.a(lib_a-atexit.o)
 .debug_frame   0x0000000000000de8       0x28 /opt/altera/16.0/nios2eds/bin/gnu/H-x86_64-pc-linux-gnu/bin/../lib/gcc/nios2-elf/5.2.0/../../../../../H-x86_64-pc-linux-gnu/nios2-elf/lib/libsmallc.a(lib_a-exit.o)
 .debug_frame   0x0000000000000e10       0x20 /opt/altera/16.0/nios2eds/bin/gnu/H-x86_64-pc-linux-gnu/bin/../lib/gcc/nios2-elf/5.2.0/../../../../../H-x86_64-pc-linux-gnu/nios2-elf/lib/libsmallc.a(lib_a-memcmp.o)
 .debug_frame   0x0000000000000e30       0x48 /opt/altera/16.0/nios2eds/bin/gnu/H-x86_64-pc-linux-gnu/bin/../lib/gcc/nios2-elf/5.2.0/../../../../../H-x86_64-pc-linux-gnu/nios2-elf/lib/libsmallc.a(lib_a-__atexit.o)
 .debug_frame   0x0000000000000e78       0x54 /opt/altera/16.0/nios2eds/bin/gnu/H-x86_64-pc-linux-gnu/bin/../lib/gcc/nios2-elf/5.2.0/../../../../../H-x86_64-pc-linux-gnu/nios2-elf/lib/libsmallc.a(lib_a-__call_atexit.o)
 .debug_frame   0x0000000000000ecc       0x20 ../bsp/libhal_bsp.a(alt_exit.o)

.debug_str      0x0000000000000000     0x23e6
 *(.debug_str)
 .debug_str     0x0000000000000000      0x19b obj/default/display.o
                                        0x1d8 (size before relaxing)
 .debug_str     0x000000000000019b      0x219 obj/default/fix16.o
                                        0x37b (size before relaxing)
 .debug_str     0x00000000000003b4       0xf3 obj/default/fix16_exp.o
                                        0x301 (size before relaxing)
 .debug_str     0x00000000000004a7       0x2a obj/default/fix16_sqrt.o
                                        0x23c (size before relaxing)
 .debug_str     0x00000000000004d1       0x94 obj/default/fix16_str.o
                                        0x2b9 (size before relaxing)
 .debug_str     0x0000000000000565      0x127 obj/default/fix16_trig.o
                                        0x367 (size before relaxing)
 .debug_str     0x000000000000068c       0x8f obj/default/fract32.o
                                        0x1d8 (size before relaxing)
 .debug_str     0x000000000000071b       0x27 obj/default/uint32.o
                                        0x150 (size before relaxing)
 .debug_str     0x0000000000000742      0x185 obj/default/main.o